Microchip MPLAB XC8 Compiler V2.31

Linker command line:

-W-3 --edf=C:\Program Files\Microchip\xc8\v2.31\pic\dat\en_msgs.txt -cn \
  -h+dist/default/production\Alumbrado_publico.X.production.sym \
  --cmf=dist/default/production\Alumbrado_publico.X.production.cmf -z \
  -Q16F18855 -oC:\Users\MauroMA\AppData\Local\Temp\sj1o.2 \
  --defsym=__MPLAB_BUILD=1 \
  -Mdist/default/production/Alumbrado_publico.X.production.map -E1 \
  -ver=XC8 Compiler --acfsm=1493 -ASTACK=02140h-023EFh -pstack=STACK \
  -ACODE=00h-07FFhx4 -ASTRCODE=00h-01FFFh -ASTRING=00h-0FFhx32 \
  -ACONST=00h-0FFhx32 -AENTRY=00h-0FFhx32 -ACOMMON=070h-07Fh \
  -ABANK0=020h-06Fh -ABANK1=0A0h-0EFh -ABANK2=0120h-016Fh \
  -ABANK3=01A0h-01EFh -ABANK4=0220h-026Fh -ABANK5=02A0h-02EFh \
  -ABANK6=0320h-036Fh -ABANK7=03A0h-03EFh -ABANK8=0420h-046Fh \
  -ABANK9=04A0h-04EFh -ABANK10=0520h-056Fh -ABANK11=05A0h-05EFh \
  -ABANK12=0620h-064Fh -ABIGRAM=02000h-023EFh \
  -ARAM=020h-06Fh,0A0h-0EFh,0120h-016Fh,01A0h-01EFh,0220h-026Fh,02A0h-02EFh,0320h-036Fh,03A0h-03EFh,0420h-046Fh,04A0h-04EFh,0520h-056Fh,05A0h-05EFh,0620h-064Fh \
  -AABS1=020h-07Fh,0A0h-0EFh,0120h-016Fh,01A0h-01EFh,0220h-026Fh,02A0h-02EFh,0320h-036Fh,03A0h-03EFh,0420h-046Fh,04A0h-04EFh,0520h-056Fh,05A0h-05EFh,0620h-064Fh \
  -ASFR0=00h-01Fh -ASFR1=080h-09Fh -ASFR2=0100h-011Fh -ASFR3=0180h-019Fh \
  -ASFR4=0200h-021Fh -ASFR5=0280h-029Fh -ASFR6=0300h-031Fh \
  -ASFR7=0380h-039Fh -ASFR8=0400h-041Fh -ASFR9=0480h-049Fh \
  -ASFR10=0500h-051Fh -ASFR11=0580h-059Fh -ASFR12=0600h-061Fh \
  -ASFR13=0680h-06EFh -ASFR14=0700h-076Fh -ASFR15=0780h-07EFh \
  -ASFR16=0800h-086Fh -ASFR17=0880h-08EFh -ASFR18=0900h-096Fh \
  -ASFR19=0980h-09EFh -ASFR20=0A00h-0A6Fh -ASFR21=0A80h-0AEFh \
  -ASFR22=0B00h-0B6Fh -ASFR23=0B80h-0BEFh -ASFR24=0C00h-0C6Fh \
  -ASFR25=0C80h-0CEFh -ASFR26=0D00h-0D6Fh -ASFR27=0D80h-0DEFh \
  -ASFR28=0E00h-0E6Fh -ASFR29=0E80h-0EEFh -ASFR30=0F00h-0F6Fh \
  -ASFR31=0F80h-0FEFh -ACONFIG=08007h-0800Bh -DCONFIG=2 \
  -AIDLOC=08000h-08003h -DIDLOC=2 -AEEDATA=00h-0FFh/0F000h \
  -peeprom_data=EEDATA -DEEDATA=2 -DCODE=2 -DSTRCODE=2 -DSTRING=2 -DCONST=2 \
  -DENTRY=2 -preset_vec=00h,intentry=04h,init,end_init -ppowerup=CODE \
  -pcinit=CODE -pfunctab=ENTRY -k \
  C:\Users\MauroMA\AppData\Local\Temp\sj1o.o \
  dist/default/production\Alumbrado_publico.X.production.o 

Object code version is 3.11

Machine type is 16F18855



                Name                               Link     Load   Length Selector   Space Scale
C:\Users\MauroMA\AppData\Local\Temp\sj1o.o
                end_init                             14       14        2        8       0
                reset_vec                             0        0        2        0       0
                config                             8007     8007        5        0       4
dist/default/production\Alumbrado_publico.X.production.o
                cinit                                16       16       2D        8       0
                intentry                              4        4       10        8       0
                config                             8007     8007        5        0       4
                text44                                3        3        1        6       0
                text43                             1076     1076       17     20EC       0
                text41                             104E     104E       12     209C       0
                text40                             10D5     10D5       19     21AA       0
                text39                             108D     108D       18     211A       0
                text38                              7F6      7F6        9        8       0
                text37                             11D1     11D1       29     23A2       0
                text36                             1020     1020        8     2040       0
                text35                             1033     1033        D     2066       0
                text34                             1014     1014        6     2028       0
                text33                             10EE     10EE       1A     21DC       0
                text32                             1040     1040        E     2080       0
                text31                             1060     1060       16     20C0       0
                text30                             1108     1108       1F     2210       0
                text29                             10A5     10A5       18     214A       0
                text28                             1147     1147       21     228E       0
                text27                             159D     159D       AF     2B3A       0
                text26                             143E     143E       60     287C       0
                text25                             133A     133A       53     2674       0
                text24                             164C     164C      1B4     2C98       0
                text23                             124D     124D       4E     249A       0
                text22                             1512     1512       8B     2A24       0
                text21                             1189     1189       23     2312       0
                text20                              DA9      DA9      257     1B52       0
                text19                             1028     1028        B     2050       0
                text18                              B6A      B6A      23F     16D4       0
                text17                             1127     1127       20     224E       0
                text16                             149E     149E       74     293C       0
                text15                              777      777       7F        8       0
                text14                              84B      84B       EB     1096       0
                text13                              7FF      7FF        1        8       0
                text12                             12EA     12EA       50     25D4       0
                text11                             11FA     11FA       29     23F4       0
                text10                              800      800       1A     1000       0
                text9                              13E5     13E5       59     27CA       0
                text8                              1168     1168       21     22D0       0
                text7                              10BD     10BD       18     217A       0
                text6                              11AC     11AC       25     2358       0
                text5                                43       43      734        8       0
                text4                              138D     138D       58     271A       0
                text3                               936      936      234     126C       0
                text2                               81A      81A       31     1034       0
                text1                              1223     1223       2A     2446       0
                maintext                           129B     129B       4F     2536       0
                cstackBANK0                          20       20       4F       20       1
                cstackCOMMON                         70       70        E       70       1
                cstackBANK1                          A0       A0       42       A0       1
                clrtext                            101A     101A        6     2034       0
                bssBANK3                            1A0      1A0       50      1A0       1
                dataBANK2                           12C      12C        4      120       1
                bssBANK2                            120      120        C      120       1
                bssBANK1                             E2       E2        C       A0       1
                stringtext6                        1815     1815        3     3000       0
                stringtext5                        1811     1811        4     3000       0
                stringtext4                        180D     180D        4     3000       0
                stringtext3                        1809     1809        4     3000       0
                stringtext2                        1805     1805        4     3000       0
                stringtext1                        1800     1800        5     3000       0
                nvBANK2                             130      130        2      120       1
                nvBANK1                              EE       EE        2       A0       1
                idataBANK2                         1010     1010        4     2020       0

TOTAL           Name                               Link     Load   Length     Space
        CLASS   STACK          

        CLASS   CODE           
                end_init                             14       14        2         0
                cinit                                16       16       2D         0
                intentry                              4        4       10         0
                reset_vec                             0        0        2         0
                text44                                3        3        1         0
                text43                             1076     1076       17         0
                text41                             104E     104E       12         0
                text40                             10D5     10D5       19         0
                text39                             108D     108D       18         0
                text38                              7F6      7F6        9         0
                text37                             11D1     11D1       29         0
                text36                             1020     1020        8         0
                text35                             1033     1033        D         0
                text34                             1014     1014        6         0
                text33                             10EE     10EE       1A         0
                text32                             1040     1040        E         0
                text31                             1060     1060       16         0
                text30                             1108     1108       1F         0
                text29                             10A5     10A5       18         0
                text28                             1147     1147       21         0
                text27                             159D     159D       AF         0
                text26                             143E     143E       60         0
                text25                             133A     133A       53         0
                text24                             164C     164C      1B4         0
                text23                             124D     124D       4E         0
                text22                             1512     1512       8B         0
                text21                             1189     1189       23         0
                text20                              DA9      DA9      257         0
                text19                             1028     1028        B         0
                text18                              B6A      B6A      23F         0
                text17                             1127     1127       20         0
                text16                             149E     149E       74         0
                text15                              777      777       7F         0
                text14                              84B      84B       EB         0
                text13                              7FF      7FF        1         0
                text12                             12EA     12EA       50         0
                text11                             11FA     11FA       29         0
                text10                              800      800       1A         0
                text9                              13E5     13E5       59         0
                text8                              1168     1168       21         0
                text7                              10BD     10BD       18         0
                text6                              11AC     11AC       25         0
                text5                                43       43      734         0
                text4                              138D     138D       58         0
                text3                               936      936      234         0
                text2                               81A      81A       31         0
                text1                              1223     1223       2A         0
                maintext                           129B     129B       4F         0
                clrtext                            101A     101A        6         0
                idataBANK2                         1010     1010        4         0

        CLASS   STRCODE        
                stringtext6                        1815     1815        3         0
                stringtext5                        1811     1811        4         0
                stringtext4                        180D     180D        4         0
                stringtext3                        1809     1809        4         0
                stringtext2                        1805     1805        4         0
                stringtext1                        1800     1800        5         0

        CLASS   STRING         

        CLASS   CONST          

        CLASS   ENTRY          

        CLASS   COMMON         
                cstackCOMMON                         70       70        E         1

        CLASS   BANK0          
                cstackBANK0                          20       20       4F         1

        CLASS   BANK1          
                cstackBANK1                          A0       A0       42         1
                bssBANK1                             E2       E2        C         1
                nvBANK1                              EE       EE        2         1

        CLASS   BANK2          
                dataBANK2                           12C      12C        4         1
                bssBANK2                            120      120        C         1
                nvBANK2                             130      130        2         1

        CLASS   BANK3          
                bssBANK3                            1A0      1A0       50         1

        CLASS   BANK4          

        CLASS   BANK5          

        CLASS   BANK6          

        CLASS   BANK7          

        CLASS   BANK8          

        CLASS   BANK9          

        CLASS   BANK10         

        CLASS   BANK11         

        CLASS   BANK12         

        CLASS   BIGRAM         

        CLASS   RAM            

        CLASS   ABS1           
                abs_s1                               7E       7E        2         1

        CLASS   SFR0           

        CLASS   SFR1           

        CLASS   SFR2           

        CLASS   SFR3           

        CLASS   SFR4           

        CLASS   SFR5           

        CLASS   SFR6           

        CLASS   SFR7           

        CLASS   SFR8           

        CLASS   SFR9           

        CLASS   SFR10          

        CLASS   SFR11          

        CLASS   SFR12          

        CLASS   SFR13          

        CLASS   SFR14          

        CLASS   SFR15          

        CLASS   SFR16          

        CLASS   SFR17          

        CLASS   SFR18          

        CLASS   SFR19          

        CLASS   SFR20          

        CLASS   SFR21          

        CLASS   SFR22          

        CLASS   SFR23          

        CLASS   SFR24          

        CLASS   SFR25          

        CLASS   SFR26          

        CLASS   SFR27          

        CLASS   SFR28          

        CLASS   SFR29          

        CLASS   SFR30          

        CLASS   SFR31          

        CLASS   CONFIG         
                config                             8007     8007        5         4

        CLASS   IDLOC          

        CLASS   EEDATA         

        CLASS   BANK31         

        CLASS   BANK30         

        CLASS   BANK29         

        CLASS   BANK28         

        CLASS   BANK27         

        CLASS   BANK26         

        CLASS   BANK25         

        CLASS   BANK24         

        CLASS   BANK23         

        CLASS   BANK22         

        CLASS   BANK21         

        CLASS   BANK20         

        CLASS   BANK19         

        CLASS   BANK18         

        CLASS   BANK17         

        CLASS   BANK16         

        CLASS   BANK15         

        CLASS   BANK14         

        CLASS   BANK13         



SEGMENTS        Name                           Load    Length   Top    Selector   Space  Class     Delta

                reset_vec                      000000  000002  000002         0       0  CODE        2
                text44                         000003  000001  000004         6       0  CODE        2
                intentry                       000004  0007FC  000800         8       0  CODE        2
                cstackBANK0                    000020  00004F  00006F        20       1  BANK0       1
                cstackCOMMON                   000070  00000E  00007E        70       1  COMMON      1
                cstackBANK1                    0000A0  000050  0000F0        A0       1  BANK1       1
                bssBANK2                       000120  000012  000132       120       1  BANK2       1
                bssBANK3                       0001A0  000050  0001F0       1A0       1  BANK3       1
                text10                         000800  00001A  00081A      1000       0  CODE        2
                text2                          00081A  000031  00084B      1034       0  CODE        2
                text14                         00084B  0000EB  000936      1096       0  CODE        2
                text3                          000936  000234  000B6A      126C       0  CODE        2
                text18                         000B6A  00023F  000DA9      16D4       0  CODE        2
                text20                         000DA9  000257  001000      1B52       0  CODE        2
                idataBANK2                     001010  000004  001014      2020       0  CODE        2
                text34                         001014  000006  00101A      2028       0  CODE        2
                clrtext                        00101A  000006  001020      2034       0  CODE        2
                text36                         001020  000008  001028      2040       0  CODE        2
                text19                         001028  00000B  001033      2050       0  CODE        2
                text35                         001033  00000D  001040      2066       0  CODE        2
                text32                         001040  00000E  00104E      2080       0  CODE        2
                text41                         00104E  000012  001060      209C       0  CODE        2
                text31                         001060  000016  001076      20C0       0  CODE        2
                text43                         001076  000017  00108D      20EC       0  CODE        2
                text39                         00108D  000018  0010A5      211A       0  CODE        2
                text29                         0010A5  000018  0010BD      214A       0  CODE        2
                text7                          0010BD  000018  0010D5      217A       0  CODE        2
                text40                         0010D5  000019  0010EE      21AA       0  CODE        2
                text33                         0010EE  00001A  001108      21DC       0  CODE        2
                text30                         001108  00001F  001127      2210       0  CODE        2
                text17                         001127  000020  001147      224E       0  CODE        2
                text28                         001147  000021  001168      228E       0  CODE        2
                text8                          001168  000021  001189      22D0       0  CODE        2
                text21                         001189  000023  0011AC      2312       0  CODE        2
                text6                          0011AC  000025  0011D1      2358       0  CODE        2
                text37                         0011D1  000029  0011FA      23A2       0  CODE        2
                text11                         0011FA  000029  001223      23F4       0  CODE        2
                text1                          001223  00002A  00124D      2446       0  CODE        2
                text23                         00124D  00004E  00129B      249A       0  CODE        2
                maintext                       00129B  00004F  0012EA      2536       0  CODE        2
                text12                         0012EA  000050  00133A      25D4       0  CODE        2
                text25                         00133A  000053  00138D      2674       0  CODE        2
                text4                          00138D  000058  0013E5      271A       0  CODE        2
                text9                          0013E5  000059  00143E      27CA       0  CODE        2
                text26                         00143E  000060  00149E      287C       0  CODE        2
                text16                         00149E  000074  001512      293C       0  CODE        2
                text22                         001512  00008B  00159D      2A24       0  CODE        2
                text27                         00159D  0000AF  00164C      2B3A       0  CODE        2
                text24                         00164C  0001B4  001800      2C98       0  CODE        2
                stringtext1                    001800  000018  001818      3000       0  STRCODE     2


UNUSED ADDRESS RANGES

        Name                Unused          Largest block    Delta
        BANK0            0006F-0006F               1           1
        BANK10           00520-0056F              50           1
        BANK11           005A0-005EF              50           1
        BANK12           00620-0064F              30           1
        BANK2            00132-0016F              3E           1
        BANK4            00220-0026F              50           1
        BANK5            002A0-002EF              50           1
        BANK6            00320-0036F              50           1
        BANK7            003A0-003EF              50           1
        BANK8            00420-0046F              50           1
        BANK9            004A0-004EF              50           1
        BIGRAM           02000-023EF             3F0           1
        CODE             00002-00002               1           2
                         01000-0100F              10
                         01818-01FFF             7E8
        CONST            00002-00002               1           2
                         01000-0100F              10
                         01818-01FFF             100
        EEDATA           0F000-0F0FF             100           2
        ENTRY            00002-00002               1           2
                         01000-0100F              10
                         01818-01FFF             100
        IDLOC            08000-08003               4           2
        RAM              0006F-0006F               1           1
                         00132-0016F              3E
                         00220-0026F              50
                         002A0-002EF              50
                         00320-0036F              50
                         003A0-003EF              50
                         00420-0046F              50
                         004A0-004EF              50
                         00520-0056F              50
                         005A0-005EF              50
                         00620-0064F              30
        SFR0             00000-0001F              20           1
        SFR1             00080-0009F              20           1
        SFR10            00500-0051F              20           1
        SFR11            00580-0059F              20           1
        SFR12            00600-0061F              20           1
        SFR13            00680-006EF              70           1
        SFR14            00700-0076F              70           1
        SFR15            00780-007EF              70           1
        SFR16            00800-0086F              70           1
        SFR17            00880-008EF              70           1
        SFR18            00900-0096F              70           1
        SFR19            00980-009EF              70           1
        SFR2             00100-0011F              20           1
        SFR20            00A00-00A6F              70           1
        SFR21            00A80-00AEF              70           1
        SFR22            00B00-00B6F              70           1
        SFR23            00B80-00BEF              70           1
        SFR24            00C00-00C6F              70           1
        SFR25            00C80-00CEF              70           1
        SFR26            00D00-00D6F              70           1
        SFR27            00D80-00DEF              70           1
        SFR28            00E00-00E6F              70           1
        SFR29            00E80-00EEF              70           1
        SFR3             00180-0019F              20           1
        SFR30            00F00-00F6F              70           1
        SFR31            00F80-00FEF              70           1
        SFR4             00200-0021F              20           1
        SFR5             00280-0029F              20           1
        SFR6             00300-0031F              20           1
        SFR7             00380-0039F              20           1
        SFR8             00400-0041F              20           1
        SFR9             00480-0049F              20           1
        STACK            02140-023EF             2B0           1
        STRCODE          00002-00002               1           2
                         01000-0100F              10
                         01818-01FFF             7E8
        STRING           00002-00002               1           2
                         01000-0100F              10
                         01818-01FFF             100

                                  Symbol Table

?_ADCC_GetSingleConversion                cstackCOMMON 00070
?__Umul8_16                               cstackCOMMON 00070
?___awdiv                                 cstackCOMMON 00076
?___awmod                                 cstackCOMMON 00070
?___fladd                                 cstackCOMMON 00070
?___fldiv                                 cstackCOMMON 00070
?___flmul                                 cstackBANK0  00020
?___flneg                                 cstackCOMMON 00070
?___flsub                                 cstackBANK0  00035
?___fltol                                 cstackCOMMON 00070
?___fpclassifyf                           cstackCOMMON 00070
?___wmul                                  cstackCOMMON 00070
?_atoi                                    cstackCOMMON 00076
?_efgtoa                                  cstackBANK0  00041
?_floorf                                  cstackBANK0  0002D
?_isdigit                                 cstackCOMMON 00070
?_isspace                                 cstackCOMMON 00070
?_isupper                                 cstackCOMMON 00070
?_pad                                     cstackBANK0  00024
?_sprintf                                 cstackBANK0  00067
?_strlen                                  cstackCOMMON 00070
?_strncmp                                 cstackCOMMON 00070
?_tolower                                 cstackCOMMON 00076
?_vfpfcnvrt                               cstackBANK0  0004A
?_vfprintf                                cstackBANK0  0005F
ADCC_GetSingleConversion@channel          cstackCOMMON 00073
PWM6_LoadDutyValue@dutyValue              cstackBANK0  00024
TMR0_SetInterruptHandler@InterruptHandler cstackCOMMON 00070
_ADACCH                                   (abs)        00091
_ADACCL                                   (abs)        00090
_ADACQ                                    (abs)        0009D
_ADACT                                    (abs)        00099
_ADCAP                                    (abs)        0009B
_ADCC_GetSingleConversion                 text41       0104E
_ADCC_Initialize                          text39       0108D
_ADCLK                                    (abs)        00098
_ADCNT                                    (abs)        0010C
_ADCON0                                   (abs)        00093
_ADCON0bits                               (abs)        00093
_ADCON1                                   (abs)        00094
_ADCON1bits                               (abs)        00094
_ADCON2                                   (abs)        00095
_ADCON2bits                               (abs)        00095
_ADCON3                                   (abs)        00096
_ADCON3bits                               (abs)        00096
_ADERRH                                   (abs)        00117
_ADERRL                                   (abs)        00116
_ADFLTRH                                  (abs)        00115
_ADFLTRL                                  (abs)        00114
_ADLTHH                                   (abs)        0010F
_ADLTHL                                   (abs)        0010E
_ADPCH                                    (abs)        0009E
_ADPRE                                    (abs)        0009C
_ADPREVH                                  (abs)        0008F
_ADPREVL                                  (abs)        0008E
_ADREF                                    (abs)        0009A
_ADRESH                                   (abs)        0008D
_ADRESL                                   (abs)        0008C
_ADRPT                                    (abs)        0010D
_ADSTAT                                   (abs)        00097
_ADSTATbits                               (abs)        00097
_ADSTPTH                                  (abs)        00113
_ADSTPTL                                  (abs)        00112
_ADUTHH                                   (abs)        00111
_ADUTHL                                   (abs)        00110
_ANSELA                                   (abs)        00F38
_ANSELB                                   (abs)        00F43
_ANSELC                                   (abs)        00F4E
_CCPTMRS1bits                             (abs)        0021F
_CREN                                     (abs)        008EC
_INLVLA                                   (abs)        00F3C
_INLVLB                                   (abs)        00F47
_INLVLC                                   (abs)        00F52
_INLVLE                                   (abs)        00F68
_INTERRUPT_InterruptManager               intentry     00004
_LATA                                     (abs)        00016
_LATB                                     (abs)        00017
_LATC                                     (abs)        00018
_ODCONA                                   (abs)        00F3A
_ODCONB                                   (abs)        00F45
_ODCONC                                   (abs)        00F50
_OERR                                     (abs)        008E9
_OSCCON1                                  (abs)        0088D
_OSCCON3                                  (abs)        0088F
_OSCEN                                    (abs)        00891
_OSCFRQ                                   (abs)        00893
_OSCILLATOR_Initialize                    text38       007F6
_OSCTUNE                                  (abs)        00892
_PIE0bits                                 (abs)        00716
_PIE3bits                                 (abs)        00719
_PIN_MANAGER_Initialize                   text37       011D1
_PIR0bits                                 (abs)        0070C
_PIR4bits                                 (abs)        00710
_PMD0                                     (abs)        00796
_PMD1                                     (abs)        00797
_PMD2                                     (abs)        00798
_PMD3                                     (abs)        00799
_PMD4                                     (abs)        0079A
_PMD5                                     (abs)        0079B
_PMD_Initialize                           text36       01020
_PR2                                      (abs)        0028D
_PWM6CON                                  (abs)        0038E
_PWM6DCH                                  (abs)        0038D
_PWM6DCL                                  (abs)        0038C
_PWM6_Initialize                          text35       01033
_PWM6_LoadDutyValue                       text40       010D5
_RC0PPS                                   (abs)        00F20
_RCIE                                     (abs)        038CD
_RCREG                                    (abs)        00119
_RCSTA                                    (abs)        0011D
_SLRCONA                                  (abs)        00F3B
_SLRCONB                                  (abs)        00F46
_SLRCONC                                  (abs)        00F51
_SPBRG                                    (abs)        0011B
_SYSTEM_Initialize                        text31       01060
_T0CON0                                   (abs)        0001E
_T0CON0bits                               (abs)        0001E
_T0CON1                                   (abs)        0001F
_T2CLKCON                                 (abs)        00290
_T2CON                                    (abs)        0028E
_T2CONbits                                (abs)        0028E
_T2HLT                                    (abs)        0028F
_T2HLTbits                                (abs)        0028F
_T2PR                                     (abs)        0028D
_T2RST                                    (abs)        00291
_T2RSTbits                                (abs)        00291
_T2TMR                                    (abs)        0028C
_TMR0H                                    (abs)        0001D
_TMR0L                                    (abs)        0001C
_TMR0_DefaultInterruptHandler             text44       00003
_TMR0_ISR                                 text43       01076
_TMR0_Initialize                          text33       010EE
_TMR0_InterruptHandler                    nvBANK2      00130
_TMR0_SetInterruptHandler                 text34       01014
_TMR2                                     (abs)        0028C
_TMR2_Initialize                          text32       01040
_TRISA                                    (abs)        00011
_TRISB                                    (abs)        00012
_TRISC                                    (abs)        00013
_TRISC6                                   (abs)        0009E
_TRISC7                                   (abs)        0009F
_TXIE                                     (abs)        038CC
_TXREG                                    (abs)        0011A
_TXSTA                                    (abs)        0011E
_WPUA                                     (abs)        00F39
_WPUB                                     (abs)        00F44
_WPUC                                     (abs)        00F4F
_WPUE                                     (abs)        00F65
__Habs1                                   abs1         00000
__Hbank0                                  bank0        00000
__Hbank1                                  bank1        00000
__Hbank10                                 bank10       00000
__Hbank11                                 bank11       00000
__Hbank12                                 bank12       00000
__Hbank13                                 bank13       00000
__Hbank14                                 bank14       00000
__Hbank15                                 bank15       00000
__Hbank16                                 bank16       00000
__Hbank17                                 bank17       00000
__Hbank18                                 bank18       00000
__Hbank19                                 bank19       00000
__Hbank2                                  bank2        00000
__Hbank20                                 bank20       00000
__Hbank21                                 bank21       00000
__Hbank22                                 bank22       00000
__Hbank23                                 bank23       00000
__Hbank24                                 bank24       00000
__Hbank25                                 bank25       00000
__Hbank26                                 bank26       00000
__Hbank27                                 bank27       00000
__Hbank28                                 bank28       00000
__Hbank29                                 bank29       00000
__Hbank3                                  bank3        00000
__Hbank30                                 bank30       00000
__Hbank31                                 bank31       00000
__Hbank4                                  bank4        00000
__Hbank5                                  bank5        00000
__Hbank6                                  bank6        00000
__Hbank7                                  bank7        00000
__Hbank8                                  bank8        00000
__Hbank9                                  bank9        00000
__Hbigram                                 bigram       00000
__HbssBANK1                               bssBANK1     00000
__HbssBANK2                               bssBANK2     00000
__HbssBANK3                               bssBANK3     00000
__Hcinit                                  cinit        00043
__Hclrtext                                clrtext      00000
__Hcode                                   code         00000
__Hcommon                                 common       00000
__Hconfig                                 config       0800C
__HcstackBANK0                            cstackBANK0  00000
__HcstackBANK1                            cstackBANK1  00000
__HcstackCOMMON                           cstackCOMMON 00000
__HdataBANK2                              dataBANK2    00000
__Heeprom_data                            eeprom_data  00000
__Hend_init                               end_init     00016
__Hfunctab                                functab      00000
__HidataBANK2                             idataBANK2   00000
__Hinit                                   init         00014
__Hintentry                               intentry     00014
__Hmaintext                               maintext     00000
__HnvBANK1                                nvBANK1      00000
__HnvBANK2                                nvBANK2      00000
__Hpowerup                                powerup      00000
__Hram                                    ram          00000
__Hreset_vec                              reset_vec    00002
__Hsfr0                                   sfr0         00000
__Hsfr1                                   sfr1         00000
__Hsfr10                                  sfr10        00000
__Hsfr11                                  sfr11        00000
__Hsfr12                                  sfr12        00000
__Hsfr13                                  sfr13        00000
__Hsfr14                                  sfr14        00000
__Hsfr15                                  sfr15        00000
__Hsfr16                                  sfr16        00000
__Hsfr17                                  sfr17        00000
__Hsfr18                                  sfr18        00000
__Hsfr19                                  sfr19        00000
__Hsfr2                                   sfr2         00000
__Hsfr20                                  sfr20        00000
__Hsfr21                                  sfr21        00000
__Hsfr22                                  sfr22        00000
__Hsfr23                                  sfr23        00000
__Hsfr24                                  sfr24        00000
__Hsfr25                                  sfr25        00000
__Hsfr26                                  sfr26        00000
__Hsfr27                                  sfr27        00000
__Hsfr28                                  sfr28        00000
__Hsfr29                                  sfr29        00000
__Hsfr3                                   sfr3         00000
__Hsfr30                                  sfr30        00000
__Hsfr31                                  sfr31        00000
__Hsfr4                                   sfr4         00000
__Hsfr5                                   sfr5         00000
__Hsfr6                                   sfr6         00000
__Hsfr7                                   sfr7         00000
__Hsfr8                                   sfr8         00000
__Hsfr9                                   sfr9         00000
__Hspace_0                                (abs)        01818
__Hspace_1                                (abs)        001F0
__Hspace_2                                (abs)        00000
__Hspace_3                                (abs)        00000
__Hspace_4                                (abs)        10013
__Hstack                                  stack        00000
__Hstrings                                strings      00000
__Hstringtext1                            stringtext1  00000
__Hstringtext2                            stringtext2  00000
__Hstringtext3                            stringtext3  00000
__Hstringtext4                            stringtext4  00000
__Hstringtext5                            stringtext5  00000
__Hstringtext6                            stringtext6  00000
__Hstringtext7                            stringtext7  00000
__Htext                                   text         00000
__Labs1                                   abs1         00000
__Lbank0                                  bank0        00000
__Lbank1                                  bank1        00000
__Lbank10                                 bank10       00000
__Lbank11                                 bank11       00000
__Lbank12                                 bank12       00000
__Lbank13                                 bank13       00000
__Lbank14                                 bank14       00000
__Lbank15                                 bank15       00000
__Lbank16                                 bank16       00000
__Lbank17                                 bank17       00000
__Lbank18                                 bank18       00000
__Lbank19                                 bank19       00000
__Lbank2                                  bank2        00000
__Lbank20                                 bank20       00000
__Lbank21                                 bank21       00000
__Lbank22                                 bank22       00000
__Lbank23                                 bank23       00000
__Lbank24                                 bank24       00000
__Lbank25                                 bank25       00000
__Lbank26                                 bank26       00000
__Lbank27                                 bank27       00000
__Lbank28                                 bank28       00000
__Lbank29                                 bank29       00000
__Lbank3                                  bank3        00000
__Lbank30                                 bank30       00000
__Lbank31                                 bank31       00000
__Lbank4                                  bank4        00000
__Lbank5                                  bank5        00000
__Lbank6                                  bank6        00000
__Lbank7                                  bank7        00000
__Lbank8                                  bank8        00000
__Lbank9                                  bank9        00000
__Lbigram                                 bigram       00000
__LbssBANK1                               bssBANK1     00000
__LbssBANK2                               bssBANK2     00000
__LbssBANK3                               bssBANK3     00000
__Lcinit                                  cinit        00016
__Lclrtext                                clrtext      00000
__Lcode                                   code         00000
__Lcommon                                 common       00000
__Lconfig                                 config       00000
__LcstackBANK0                            cstackBANK0  00000
__LcstackBANK1                            cstackBANK1  00000
__LcstackCOMMON                           cstackCOMMON 00000
__LdataBANK2                              dataBANK2    00000
__Leeprom_data                            eeprom_data  00000
__Lend_init                               end_init     00014
__Lfunctab                                functab      00000
__LidataBANK2                             idataBANK2   00000
__Linit                                   init         00014
__Lintentry                               intentry     00004
__Lmaintext                               maintext     00000
__LnvBANK1                                nvBANK1      00000
__LnvBANK2                                nvBANK2      00000
__Lpowerup                                powerup      00000
__Lram                                    ram          00000
__Lreset_vec                              reset_vec    00000
__Lsfr0                                   sfr0         00000
__Lsfr1                                   sfr1         00000
__Lsfr10                                  sfr10        00000
__Lsfr11                                  sfr11        00000
__Lsfr12                                  sfr12        00000
__Lsfr13                                  sfr13        00000
__Lsfr14                                  sfr14        00000
__Lsfr15                                  sfr15        00000
__Lsfr16                                  sfr16        00000
__Lsfr17                                  sfr17        00000
__Lsfr18                                  sfr18        00000
__Lsfr19                                  sfr19        00000
__Lsfr2                                   sfr2         00000
__Lsfr20                                  sfr20        00000
__Lsfr21                                  sfr21        00000
__Lsfr22                                  sfr22        00000
__Lsfr23                                  sfr23        00000
__Lsfr24                                  sfr24        00000
__Lsfr25                                  sfr25        00000
__Lsfr26                                  sfr26        00000
__Lsfr27                                  sfr27        00000
__Lsfr28                                  sfr28        00000
__Lsfr29                                  sfr29        00000
__Lsfr3                                   sfr3         00000
__Lsfr30                                  sfr30        00000
__Lsfr31                                  sfr31        00000
__Lsfr4                                   sfr4         00000
__Lsfr5                                   sfr5         00000
__Lsfr6                                   sfr6         00000
__Lsfr7                                   sfr7         00000
__Lsfr8                                   sfr8         00000
__Lsfr9                                   sfr9         00000
__Lspace_0                                (abs)        00000
__Lspace_1                                (abs)        00000
__Lspace_2                                (abs)        00000
__Lspace_3                                (abs)        00000
__Lspace_4                                (abs)        00000
__Lstack                                  stack        00000
__Lstrings                                strings      00000
__Lstringtext1                            stringtext1  00000
__Lstringtext2                            stringtext2  00000
__Lstringtext3                            stringtext3  00000
__Lstringtext4                            stringtext4  00000
__Lstringtext5                            stringtext5  00000
__Lstringtext6                            stringtext6  00000
__Lstringtext7                            stringtext7  00000
__Ltext                                   text         00000
__S0                                      (abs)        01818
__S1                                      (abs)        001F0
__S2                                      (abs)        00000
__S3                                      (abs)        00000
__Umul8_16                                text21       01189
__Umul8_16@multiplicand                   cstackCOMMON 00070
__Umul8_16@multiplier                     cstackCOMMON 00078
__Umul8_16@product                        cstackCOMMON 00074
__Umul8_16@word_mpld                      cstackCOMMON 00076
___awdiv                                  text26       0143E
___awdiv@counter                          cstackBANK0  00020
___awdiv@dividend                         cstackCOMMON 00078
___awdiv@divisor                          cstackCOMMON 00076
___awdiv@quotient                         cstackBANK0  00022
___awdiv@sign                             cstackBANK0  00021
___awmod                                  text25       0133A
___awmod@counter                          cstackCOMMON 00075
___awmod@dividend                         cstackCOMMON 00072
___awmod@divisor                          cstackCOMMON 00070
___awmod@sign                             cstackCOMMON 00076
___fladd                                  text18       00B6A
___fladd@a                                cstackCOMMON 00074
___fladd@aexp                             cstackCOMMON 00079
___fladd@b                                cstackCOMMON 00070
___fladd@bexp                             cstackCOMMON 0007A
___fladd@grs                              cstackCOMMON 0007B
___fladd@signs                            cstackCOMMON 00078
___fldiv                                  text24       0164C
___fldiv@a                                cstackCOMMON 00070
___fldiv@aexp                             cstackBANK0  0002C
___fldiv@b                                cstackCOMMON 00074
___fldiv@bexp                             cstackBANK0  0002B
___fldiv@grs                              cstackBANK0  00027
___fldiv@new_exp                          cstackBANK0  00025
___fldiv@rem                              cstackBANK0  00020
___fldiv@sign                             cstackBANK0  00024
___fleq                                   text23       0124D
___fleq@ff1                               cstackCOMMON 00070
___fleq@ff2                               cstackCOMMON 00074
___flge                                   text22       01512
___flge@ff1                               cstackBANK0  00035
___flge@ff2                               cstackBANK0  00039
___flmul                                  text20       00DA9
___flmul@a                                cstackBANK0  00024
___flmul@aexp                             cstackBANK0  0002D
___flmul@b                                cstackBANK0  00020
___flmul@bexp                             cstackBANK0  0002E
___flmul@grs                              cstackBANK0  00029
___flmul@prod                             cstackBANK0  0002F
___flmul@sign                             cstackBANK0  00028
___flmul@temp                             cstackBANK0  00033
___flneg                                  text19       01028
___flneg@f1                               cstackCOMMON 00070
___flsub                                  text17       01127
___flsub@a                                cstackBANK0  00035
___flsub@b                                cstackBANK0  00039
___fltol                                  text16       0149E
___fltol@exp1                             cstackCOMMON 0007A
___fltol@f1                               cstackCOMMON 00070
___fltol@sign1                            cstackCOMMON 00079
___fpclassifyf                            text15       00777
___fpclassifyf@F465                       bssBANK1     000E2
___fpclassifyf@e                          cstackBANK0  00020
___fpclassifyf@u                          cstackBANK0  00022
___fpclassifyf@x                          cstackCOMMON 00070
___int_sp                                 stack        00000
___latbits                                (abs)        00002
___sp                                     stack        00000
___stackhi                                (abs)        023EF
___stacklo                                (abs)        02140
___wmul                                   text30       01108
___wmul@multiplicand                      cstackCOMMON 00072
___wmul@multiplier                        cstackCOMMON 00070
___wmul@product                           cstackCOMMON 00074
__end_of_ADCC_GetSingleConversion         text41       01060
__end_of_ADCC_Initialize                  text39       010A5
__end_of_INTERRUPT_InterruptManager       intentry     00014
__end_of_OSCILLATOR_Initialize            text38       007FF
__end_of_PIN_MANAGER_Initialize           text37       011FA
__end_of_PMD_Initialize                   text36       01028
__end_of_PWM6_Initialize                  text35       01040
__end_of_PWM6_LoadDutyValue               text40       010EE
__end_of_SYSTEM_Initialize                text31       01076
__end_of_TMR0_DefaultInterruptHandler     text44       00004
__end_of_TMR0_ISR                         text43       0108D
__end_of_TMR0_Initialize                  text33       01108
__end_of_TMR0_SetInterruptHandler         text34       0101A
__end_of_TMR2_Initialize                  text32       0104E
__end_of__Umul8_16                        text21       011AC
__end_of___awdiv                          text26       0149E
__end_of___awmod                          text25       0138D
__end_of___fladd                          text18       00DA9
__end_of___fldiv                          text24       01800
__end_of___fleq                           text23       0129B
__end_of___flge                           text22       0159D
__end_of___flmul                          text20       01000
__end_of___flneg                          text19       01033
__end_of___flsub                          text17       01147
__end_of___fltol                          text16       01512
__end_of___fpclassifyf                    text15       007F6
__end_of___wmul                           text30       01127
__end_of__initialization                  cinit        0003F
__end_of_atoi                             text27       0164C
__end_of_efgtoa                           text5        00777
__end_of_floorf                           text14       00936
__end_of_fputc                            text12       0133A
__end_of_fputs                            text11       01223
__end_of_isdigit                          text29       010BD
__end_of_isspace                          text28       01168
__end_of_isupper                          text7        010D5
__end_of_main                             maintext     012EA
__end_of_pad                              text9        0143E
__end_of_putch                            text13       00800
__end_of_sprintf                          text1        0124D
__end_of_strcpy                           text8        01189
__end_of_strlen                           text10       0081A
__end_of_strncmp                          text4        013E5
__end_of_tolower                          text6        011D1
__end_of_vfpfcnvrt                        text3        00B6A
__end_of_vfprintf                         text2        0084B
__initialization                          cinit        00016
__pbssBANK1                               bssBANK1     000E2
__pbssBANK2                               bssBANK2     00120
__pbssBANK3                               bssBANK3     001A0
__pcstackBANK0                            cstackBANK0  00020
__pcstackBANK1                            cstackBANK1  000A0
__pcstackCOMMON                           cstackCOMMON 00070
__pdataBANK2                              dataBANK2    0012C
__pidataBANK2                             idataBANK2   01010
__pintentry                               intentry     00004
__pmaintext                               maintext     0129B
__pnvBANK1                                nvBANK1      000EE
__pnvBANK2                                nvBANK2      00130
__pstringtext1                            stringtext1  01800
__pstringtext2                            stringtext2  01805
__pstringtext3                            stringtext3  01809
__pstringtext4                            stringtext4  0180D
__pstringtext5                            stringtext5  01811
__pstringtext6                            stringtext6  01815
__pstringtext7                            stringtext7  00000
__ptext1                                  text1        01223
__ptext10                                 text10       00800
__ptext11                                 text11       011FA
__ptext12                                 text12       012EA
__ptext13                                 text13       007FF
__ptext14                                 text14       0084B
__ptext15                                 text15       00777
__ptext16                                 text16       0149E
__ptext17                                 text17       01127
__ptext18                                 text18       00B6A
__ptext19                                 text19       01028
__ptext2                                  text2        0081A
__ptext20                                 text20       00DA9
__ptext21                                 text21       01189
__ptext22                                 text22       01512
__ptext23                                 text23       0124D
__ptext24                                 text24       0164C
__ptext25                                 text25       0133A
__ptext26                                 text26       0143E
__ptext27                                 text27       0159D
__ptext28                                 text28       01147
__ptext29                                 text29       010A5
__ptext3                                  text3        00936
__ptext30                                 text30       01108
__ptext31                                 text31       01060
__ptext32                                 text32       01040
__ptext33                                 text33       010EE
__ptext34                                 text34       01014
__ptext35                                 text35       01033
__ptext36                                 text36       01020
__ptext37                                 text37       011D1
__ptext38                                 text38       007F6
__ptext39                                 text39       0108D
__ptext4                                  text4        0138D
__ptext40                                 text40       010D5
__ptext41                                 text41       0104E
__ptext43                                 text43       01076
__ptext44                                 text44       00003
__ptext5                                  text5        00043
__ptext6                                  text6        011AC
__ptext7                                  text7        010BD
__ptext8                                  text8        01168
__ptext9                                  text9        013E5
__size_of_ADCC_GetSingleConversion        (abs)        00000
__size_of_ADCC_Initialize                 (abs)        00000
__size_of_INTERRUPT_InterruptManager      (abs)        00000
__size_of_OSCILLATOR_Initialize           (abs)        00000
__size_of_PIN_MANAGER_Initialize          (abs)        00000
__size_of_PMD_Initialize                  (abs)        00000
__size_of_PWM6_Initialize                 (abs)        00000
__size_of_PWM6_LoadDutyValue              (abs)        00000
__size_of_SYSTEM_Initialize               (abs)        00000
__size_of_TMR0_DefaultInterruptHandler    (abs)        00000
__size_of_TMR0_ISR                        (abs)        00000
__size_of_TMR0_Initialize                 (abs)        00000
__size_of_TMR0_SetInterruptHandler        (abs)        00000
__size_of_TMR2_Initialize                 (abs)        00000
__size_of__Umul8_16                       (abs)        00000
__size_of___awdiv                         (abs)        00000
__size_of___awmod                         (abs)        00000
__size_of___fladd                         (abs)        00000
__size_of___fldiv                         (abs)        00000
__size_of___fleq                          (abs)        00000
__size_of___flge                          (abs)        00000
__size_of___flmul                         (abs)        00000
__size_of___flneg                         (abs)        00000
__size_of___flsub                         (abs)        00000
__size_of___fltol                         (abs)        00000
__size_of___fpclassifyf                   (abs)        00000
__size_of___wmul                          (abs)        00000
__size_of_atoi                            (abs)        00000
__size_of_efgtoa                          (abs)        00000
__size_of_floorf                          (abs)        00000
__size_of_fputc                           (abs)        00000
__size_of_fputs                           (abs)        00000
__size_of_isdigit                         (abs)        00000
__size_of_isspace                         (abs)        00000
__size_of_isupper                         (abs)        00000
__size_of_main                            (abs)        00000
__size_of_pad                             (abs)        00000
__size_of_putch                           (abs)        00000
__size_of_sprintf                         (abs)        00000
__size_of_strcpy                          (abs)        00000
__size_of_strlen                          (abs)        00000
__size_of_strncmp                         (abs)        00000
__size_of_tolower                         (abs)        00000
__size_of_vfpfcnvrt                       (abs)        00000
__size_of_vfprintf                        (abs)        00000
_atoi                                     text27       0159D
_atoi$1482                                cstackBANK0  00022
_atoi$1483                                cstackBANK0  00026
_atoi$1484                                cstackBANK0  00024
_dbuf                                     bssBANK3     001A0
_efgtoa                                   text5        00043
_efgtoa$1418                              cstackBANK1  000A0
_efgtoa$1419                              cstackBANK1  000A2
_efgtoa$1424                              cstackBANK1  000A4
_efgtoa$1428                              cstackBANK1  000A6
_efgtoa$1429                              cstackBANK1  000A8
_efgtoa$1430                              cstackBANK1  000AA
_flags                                    bssBANK1     000EC
_floorf                                   text14       0084B
_fputc                                    text12       012EA
_fputs                                    text11       011FA
_isdigit                                  text29       010A5
_isspace                                  text28       01147
_isspace$1513                             cstackCOMMON 00074
_isupper                                  text7        010BD
_main                                     maintext     0129B
_nout                                     bssBANK1     000E6
_pad                                      text9        013E5
_prec                                     bssBANK1     000EA
_putch                                    text13       007FF
_sprintf                                  text1        01223
_str_adc_dato                             bssBANK2     00124
_strcpy                                   text8        01168
_strlen                                   text10       00800
_strncmp                                  text4        0138D
_timer0ReloadVal16bit                     nvBANK1      000EE
_tolower                                  text6        011AC
_tolower$1577                             cstackCOMMON 0007C
_vfpfcnvrt                                text3        00936
_vfpfcnvrt$1444                           cstackBANK0  00052
_vfpfcnvrt$1448                           cstackBANK0  00054
_vfprintf                                 text2        0081A
_width                                    bssBANK1     000E8
atoi@n                                    cstackBANK0  00027
atoi@neg                                  cstackBANK0  00020
atoi@s                                    cstackCOMMON 00076
btemp                                     (abs)        0007E
clear_ram0                                clrtext      0101A
efgtoa@c                                  cstackBANK0  00045
efgtoa@d                                  cstackBANK1  000B8
efgtoa@e                                  cstackBANK1  000D1
efgtoa@f                                  cstackBANK0  00041
efgtoa@fp                                 cstackBANK1  000BC
efgtoa@g                                  cstackBANK1  000CD
efgtoa@h                                  cstackBANK1  000C3
efgtoa@i                                  cstackBANK1  000CB
efgtoa@l                                  cstackBANK1  000C7
efgtoa@m                                  cstackBANK1  000B2
efgtoa@mode                               cstackBANK1  000C2
efgtoa@n                                  cstackBANK1  000D3
efgtoa@ne                                 cstackBANK1  000B0
efgtoa@nmode                              cstackBANK1  000C1
efgtoa@ou                                 cstackBANK1  000B4
efgtoa@p                                  cstackBANK1  000BD
efgtoa@pp                                 cstackBANK1  000AE
efgtoa@sign                               cstackBANK1  000BA
efgtoa@t                                  cstackBANK1  000AC
efgtoa@u                                  cstackBANK1  000D5
efgtoa@w                                  cstackBANK1  000BF
end_of_initialization                     cinit        0003F
floorf@F527                               bssBANK2     00120
floorf@e                                  cstackBANK0  0003B
floorf@m                                  cstackBANK0  00037
floorf@u                                  cstackBANK0  0003D
floorf@x                                  cstackBANK0  0002D
fputc@c                                   cstackCOMMON 00070
fputc@fp                                  cstackCOMMON 00072
fputs@c                                   cstackBANK0  00020
fputs@fp                                  cstackCOMMON 00078
fputs@i                                   cstackBANK0  00021
fputs@s                                   cstackBANK0  00023
int$flags                                 (abs)        0007E
intlevel0                                 functab      00000
intlevel1                                 functab      00000
intlevel2                                 functab      00000
intlevel3                                 functab      00000
intlevel4                                 functab      00000
intlevel5                                 functab      00000
isdigit@c                                 cstackCOMMON 00070
isspace@c                                 cstackCOMMON 00070
isupper@c                                 cstackCOMMON 00070
main@adc_dato                             cstackBANK0  0006E
pad@buf                                   cstackBANK0  00024
pad@fp                                    cstackBANK0  0002B
pad@i                                     cstackBANK0  00027
pad@p                                     cstackBANK0  00025
pad@w                                     cstackBANK0  00029
reset_vec                                 reset_vec    00000
sprintf@ap                                cstackBANK1  000DC
sprintf@f                                 cstackBANK1  000DD
sprintf@fmt                               cstackBANK0  00067
sprintf@s                                 cstackBANK1  000DB
start                                     init         00014
start_initialization                      cinit        00016
strcpy@d                                  cstackCOMMON 00076
strcpy@dest                               cstackCOMMON 00077
strcpy@s                                  cstackCOMMON 00074
strcpy@src                                cstackCOMMON 00070
strlen@a                                  cstackCOMMON 00073
strlen@s                                  cstackCOMMON 00074
strncmp@_l                                cstackCOMMON 00075
strncmp@_r                                cstackCOMMON 00070
strncmp@l                                 cstackCOMMON 00078
strncmp@n                                 cstackCOMMON 00072
strncmp@r                                 cstackCOMMON 00076
tolower@c                                 cstackCOMMON 00076
vfpfcnvrt@ap                              cstackBANK0  0004B
vfpfcnvrt@c                               cstackBANK0  0005D
vfpfcnvrt@ct                              cstackBANK0  0005A
vfpfcnvrt@f                               cstackBANK0  00056
vfpfcnvrt@fmt                             cstackBANK0  0004A
vfpfcnvrt@fp                              cstackBANK0  0005E
vfprintf@ap                               cstackBANK0  00061
vfprintf@cfmt                             cstackBANK0  00065
vfprintf@fmt                              cstackBANK0  0005F
vfprintf@fp                               cstackBANK0  00064
wtemp0                                    (abs)        0007E


FUNCTION INFORMATION:

 *************** function _main *****************
 Defined at:
		line 17 in file "main.c"
 Parameters:    Size  Location     Type
		None
 Auto vars:     Size  Location     Type
  adc_dato        1   78[BANK0 ] unsigned char 
  distancia_st    8    0        unsigned char [8]
  distancia       4    0        float 
 Return value:  Size  Location     Type
                  1    wreg      void 
 Registers used:
		wreg, fsr0l, fsr0h, fsr1l, fsr1h, status,2, status,0, pclath, cstack
 Tracked objects:
		On entry : 
		On exit  : 
		Unchanged: 
 Data sizes:     COMMON   BANK0   BANK1   BANK2   BANK3   BANK4   BANK5   BANK6   BANK7   BANK8   BANK9  BANK10  BANK11  BANK12
      Params:         0       0       0       0       0       0       0       0       0       0       0       0       0       0
      Locals:         0       1       0       0       0       0       0       0       0       0       0       0       0       0
      Temps:          0       2       0       0       0       0       0       0       0       0       0       0       0       0
      Totals:         0       3       0       0       0       0       0       0       0       0       0       0       0       0
Total ram usage:        3 bytes
 Hardware stack levels required when called:   11
 This function calls:
		_ADCC_GetSingleConversion
		_PWM6_LoadDutyValue
		_SYSTEM_Initialize
		___awdiv
		___wmul
		_sprintf
 This function is called by:
		Startup code after reset
 This function uses a non-reentrant model


 *************** function _sprintf *****************
 Defined at:
		line 9 in file "C:\Program Files\Microchip\xc8\v2.31\pic\sources\c99\common\nf_sprintf.c"
 Parameters:    Size  Location     Type
  s               1    wreg     PTR unsigned char 
		 -> str_adc_dato(8), 
  fmt             2   71[BANK0 ] PTR const unsigned char 
		 -> STR_1(5), 
 Auto vars:     Size  Location     Type
  s               1   59[BANK1 ] PTR unsigned char 
		 -> str_adc_dato(8), 
  f               5   61[BANK1 ] struct _IO_FILE
  ret             2    0        int 
  ap              1   60[BANK1 ] PTR void [1]
		 -> ?_sprintf(2), 
 Return value:  Size  Location     Type
                  2   71[BANK0 ] int 
 Registers used:
		wreg, fsr0l, fsr0h, fsr1l, fsr1h, status,2, status,0, pclath, cstack
 Tracked objects:
		On entry : 
		On exit  : 
		Unchanged: 
 Data sizes:     COMMON   BANK0   BANK1   BANK2   BANK3   BANK4   BANK5   BANK6   BANK7   BANK8   BANK9  BANK10  BANK11  BANK12
      Params:         0       4       0       0       0       0       0       0       0       0       0       0       0       0
      Locals:         0       0       9       0       0       0       0       0       0       0       0       0       0       0
      Temps:          0       1       0       0       0       0       0       0       0       0       0       0       0       0
      Totals:         0       5       9       0       0       0       0       0       0       0       0       0       0       0
Total ram usage:       14 bytes
 Hardware stack levels used:    1
 Hardware stack levels required when called:   10
 This function calls:
		_vfprintf
 This function is called by:
		_main
 This function uses a non-reentrant model


 *************** function _vfprintf *****************
 Defined at:
		line 1390 in file "C:\Program Files\Microchip\xc8\v2.31\pic\sources\c99\common\doprnt.c"
 Parameters:    Size  Location     Type
  fp              1    wreg     PTR struct _IO_FILE
		 -> sprintf@f(5), 
  fmt             2   63[BANK0 ] PTR const unsigned char 
		 -> STR_1(5), 
  ap              1   65[BANK0 ] PTR PTR void 
		 -> sprintf@ap(1), 
 Auto vars:     Size  Location     Type
  fp              1   68[BANK0 ] PTR struct _IO_FILE
		 -> sprintf@f(5), 
  cfmt            2   69[BANK0 ] PTR unsigned char 
		 -> STR_1(5), 
 Return value:  Size  Location     Type
                  2   63[BANK0 ] int 
 Registers used:
		wreg, fsr0l, fsr0h, fsr1l, fsr1h, status,2, status,0, pclath, cstack
 Tracked objects:
		On entry : 
		On exit  : 
		Unchanged: 
 Data sizes:     COMMON   BANK0   BANK1   BANK2   BANK3   BANK4   BANK5   BANK6   BANK7   BANK8   BANK9  BANK10  BANK11  BANK12
      Params:         0       3       0       0       0       0       0       0       0       0       0       0       0       0
      Locals:         0       3       0       0       0       0       0       0       0       0       0       0       0       0
      Temps:          0       2       0       0       0       0       0       0       0       0       0       0       0       0
      Totals:         0       8       0       0       0       0       0       0       0       0       0       0       0       0
Total ram usage:        8 bytes
 Hardware stack levels used:    1
 Hardware stack levels required when called:    9
 This function calls:
		_vfpfcnvrt
 This function is called by:
		_sprintf
 This function uses a non-reentrant model


 *************** function _vfpfcnvrt *****************
 Defined at:
		line 692 in file "C:\Program Files\Microchip\xc8\v2.31\pic\sources\c99\common\doprnt.c"
 Parameters:    Size  Location     Type
  fp              1    wreg     PTR struct _IO_FILE
		 -> sprintf@f(5), 
  fmt             1   42[BANK0 ] PTR PTR unsigned char 
		 -> vfprintf@cfmt(2), 
  ap              1   43[BANK0 ] PTR PTR void 
		 -> sprintf@ap(1), 
 Auto vars:     Size  Location     Type
  fp              1   62[BANK0 ] PTR struct _IO_FILE
		 -> sprintf@f(5), 
  llu             8    0        unsigned long long 
  ll              8    0        long long 
  f               4   54[BANK0 ] long long 
  ct              3   58[BANK0 ] unsigned char [3]
  vp              2    0        PTR void 
  i               2    0        int 
  done            2    0        int 
  cp              2    0        PTR unsigned char 
  c               1   61[BANK0 ] unsigned char 
 Return value:  Size  Location     Type
                  2   42[BANK0 ] int 
 Registers used:
		wreg, fsr0l, fsr0h, fsr1l, fsr1h, status,2, status,0, pclath, cstack
 Tracked objects:
		On entry : 
		On exit  : 
		Unchanged: 
 Data sizes:     COMMON   BANK0   BANK1   BANK2   BANK3   BANK4   BANK5   BANK6   BANK7   BANK8   BANK9  BANK10  BANK11  BANK12
      Params:         0       2       0       0       0       0       0       0       0       0       0       0       0       0
      Locals:         0      13       0       0       0       0       0       0       0       0       0       0       0       0
      Temps:          0       6       0       0       0       0       0       0       0       0       0       0       0       0
      Totals:         0      21       0       0       0       0       0       0       0       0       0       0       0       0
Total ram usage:       21 bytes
 Hardware stack levels used:    1
 Hardware stack levels required when called:    8
 This function calls:
		_atoi
		_efgtoa
		_fputc
		_isdigit
		_isupper
		_strncmp
		_tolower
 This function is called by:
		_vfprintf
 This function uses a non-reentrant model


 *************** function _strncmp *****************
 Defined at:
		line 3 in file "C:\Program Files\Microchip\xc8\v2.31\pic\sources\c99\common\strncmp.c"
 Parameters:    Size  Location     Type
  _l              1    wreg     PTR const unsigned char 
		 -> vfpfcnvrt@ct(3), 
  _r              2    0[COMMON] PTR const unsigned char 
		 -> STR_12(3), 
  n               2    2[COMMON] unsigned int 
 Auto vars:     Size  Location     Type
  _l              1    5[COMMON] PTR const unsigned char 
		 -> vfpfcnvrt@ct(3), 
  r               2    6[COMMON] PTR const unsigned char 
		 -> STR_12(3), 
  l               1    8[COMMON] PTR const unsigned char 
		 -> vfpfcnvrt@ct(3), 
 Return value:  Size  Location     Type
                  2    0[COMMON] int 
 Registers used:
		wreg, fsr0l, fsr0h, fsr1l, fsr1h, status,2, status,0, pclath
 Tracked objects:
		On entry : 
		On exit  : 
		Unchanged: 
 Data sizes:     COMMON   BANK0   BANK1   BANK2   BANK3   BANK4   BANK5   BANK6   BANK7   BANK8   BANK9  BANK10  BANK11  BANK12
      Params:         4       0       0       0       0       0       0       0       0       0       0       0       0       0
      Locals:         4       0       0       0       0       0       0       0       0       0       0       0       0       0
      Temps:          1       0       0       0       0       0       0       0       0       0       0       0       0       0
      Totals:         9       0       0       0       0       0       0       0       0       0       0       0       0       0
Total ram usage:        9 bytes
 Hardware stack levels used:    1
 Hardware stack levels required when called:    3
 This function calls:
		Nothing
 This function is called by:
		_vfpfcnvrt
 This function uses a non-reentrant model


 *************** function _efgtoa *****************
 Defined at:
		line 332 in file "C:\Program Files\Microchip\xc8\v2.31\pic\sources\c99\common\doprnt.c"
 Parameters:    Size  Location     Type
  fp              1    wreg     PTR struct _IO_FILE
		 -> sprintf@f(5), 
  f               4   33[BANK0 ] PTR struct _IO_FILE
  c               1   37[BANK0 ] unsigned char 
 Auto vars:     Size  Location     Type
  fp              1   28[BANK1 ] PTR struct _IO_FILE
		 -> sprintf@f(5), 
  u               4   53[BANK1 ] PTR struct _IO_FILE
  g               4   45[BANK1 ] PTR struct _IO_FILE
  l               4   39[BANK1 ] PTR struct _IO_FILE
  h               4   35[BANK1 ] PTR struct _IO_FILE
  ou              4   20[BANK1 ] PTR struct _IO_FILE
  n               2   51[BANK1 ] int 
  e               2   49[BANK1 ] int 
  i               2   43[BANK1 ] int 
  w               2   31[BANK1 ] int 
  p               2   29[BANK1 ] int 
  sign            2   26[BANK1 ] int 
  d               2   24[BANK1 ] int 
  m               2   18[BANK1 ] int 
  ne              2   16[BANK1 ] int 
  pp              2   14[BANK1 ] int 
  t               2   12[BANK1 ] int 
[...]
		line 58 in file "mcc_generated_files/pwm6.c"
 Parameters:    Size  Location     Type
		None
 Auto vars:     Size  Location     Type
		None
 Return value:  Size  Location     Type
                  1    wreg      void 
 Registers used:
		wreg, status,2, status,0
 Tracked objects:
		On entry : 
		On exit  : 
		Unchanged: 
 Data sizes:     COMMON   BANK0   BANK1   BANK2   BANK3   BANK4   BANK5   BANK6   BANK7   BANK8   BANK9  BANK10  BANK11  BANK12
      Params:         0       0       0       0       0       0       0       0       0       0       0       0       0       0
      Locals:         0       0       0       0       0       0       0       0       0       0       0       0       0       0
      Temps:          0       0       0       0       0       0       0       0       0       0       0       0       0       0
      Totals:         0       0       0       0       0       0       0       0       0       0       0       0       0       0
Total ram usage:        0 bytes
 Hardware stack levels used:    1
 Hardware stack levels required when called:    3
 This function calls:
		Nothing
 This function is called by:
		_SYSTEM_Initialize
 This function uses a non-reentrant model


 *************** function _PMD_Initialize *****************
 Defined at:
		line 75 in file "mcc_generated_files/mcc.c"
 Parameters:    Size  Location     Type
		None
 Auto vars:     Size  Location     Type
		None
 Return value:  Size  Location     Type
                  1    wreg      void 
 Registers used:
		status,2
 Tracked objects:
		On entry : 
		On exit  : 
		Unchanged: 
 Data sizes:     COMMON   BANK0   BANK1   BANK2   BANK3   BANK4   BANK5   BANK6   BANK7   BANK8   BANK9  BANK10  BANK11  BANK12
      Params:         0       0       0       0       0       0       0       0       0       0       0       0       0       0
      Locals:         0       0       0       0       0       0       0       0       0       0       0       0       0       0
      Temps:          0       0       0       0       0       0       0       0       0       0       0       0       0       0
      Totals:         0       0       0       0       0       0       0       0       0       0       0       0       0       0
Total ram usage:        0 bytes
 Hardware stack levels used:    1
 Hardware stack levels required when called:    3
 This function calls:
		Nothing
 This function is called by:
		_SYSTEM_Initialize
 This function uses a non-reentrant model


 *************** function _PIN_MANAGER_Initialize *****************
 Defined at:
		line 55 in file "mcc_generated_files/pin_manager.c"
 Parameters:    Size  Location     Type
		None
 Auto vars:     Size  Location     Type
		None
 Return value:  Size  Location     Type
                  1    wreg      void 
 Registers used:
		wreg, status,2
 Tracked objects:
		On entry : 
		On exit  : 
		Unchanged: 
 Data sizes:     COMMON   BANK0   BANK1   BANK2   BANK3   BANK4   BANK5   BANK6   BANK7   BANK8   BANK9  BANK10  BANK11  BANK12
      Params:         0       0       0       0       0       0       0       0       0       0       0       0       0       0
      Locals:         0       0       0       0       0       0       0       0       0       0       0       0       0       0
      Temps:          0       0       0       0       0       0       0       0       0       0       0       0       0       0
      Totals:         0       0       0       0       0       0       0       0       0       0       0       0       0       0
Total ram usage:        0 bytes
 Hardware stack levels used:    1
 Hardware stack levels required when called:    3
 This function calls:
		Nothing
 This function is called by:
		_SYSTEM_Initialize
 This function uses a non-reentrant model


 *************** function _OSCILLATOR_Initialize *****************
 Defined at:
		line 61 in file "mcc_generated_files/mcc.c"
 Parameters:    Size  Location     Type
		None
 Auto vars:     Size  Location     Type
		None
 Return value:  Size  Location     Type
                  1    wreg      void 
 Registers used:
		wreg, status,2
 Tracked objects:
		On entry : 
		On exit  : 
		Unchanged: 
 Data sizes:     COMMON   BANK0   BANK1   BANK2   BANK3   BANK4   BANK5   BANK6   BANK7   BANK8   BANK9  BANK10  BANK11  BANK12
      Params:         0       0       0       0       0       0       0       0       0       0       0       0       0       0
      Locals:         0       0       0       0       0       0       0       0       0       0       0       0       0       0
      Temps:          0       0       0       0       0       0       0       0       0       0       0       0       0       0
      Totals:         0       0       0       0       0       0       0       0       0       0       0       0       0       0
Total ram usage:        0 bytes
 Hardware stack levels used:    1
 Hardware stack levels required when called:    3
 This function calls:
		Nothing
 This function is called by:
		_SYSTEM_Initialize
 This function uses a non-reentrant model


 *************** function _ADCC_Initialize *****************
 Defined at:
		line 63 in file "mcc_generated_files/adcc.c"
 Parameters:    Size  Location     Type
		None
 Auto vars:     Size  Location     Type
		None
 Return value:  Size  Location     Type
                  1    wreg      void 
 Registers used:
		wreg, status,2
 Tracked objects:
		On entry : 
		On exit  : 
		Unchanged: 
 Data sizes:     COMMON   BANK0   BANK1   BANK2   BANK3   BANK4   BANK5   BANK6   BANK7   BANK8   BANK9  BANK10  BANK11  BANK12
      Params:         0       0       0       0       0       0       0       0       0       0       0       0       0       0
      Locals:         0       0       0       0       0       0       0       0       0       0       0       0       0       0
      Temps:          0       0       0       0       0       0       0       0       0       0       0       0       0       0
      Totals:         0       0       0       0       0       0       0       0       0       0       0       0       0       0
Total ram usage:        0 bytes
 Hardware stack levels used:    1
 Hardware stack levels required when called:    3
 This function calls:
		Nothing
 This function is called by:
		_SYSTEM_Initialize
 This function uses a non-reentrant model


 *************** function _PWM6_LoadDutyValue *****************
 Defined at:
		line 74 in file "mcc_generated_files/pwm6.c"
 Parameters:    Size  Location     Type
  dutyValue       2    4[BANK0 ] unsigned short 
 Auto vars:     Size  Location     Type
		None
 Return value:  Size  Location     Type
                  1    wreg      void 
 Registers used:
		wreg, status,2, status,0
 Tracked objects:
		On entry : 
		On exit  : 
		Unchanged: 
 Data sizes:     COMMON   BANK0   BANK1   BANK2   BANK3   BANK4   BANK5   BANK6   BANK7   BANK8   BANK9  BANK10  BANK11  BANK12
      Params:         0       2       0       0       0       0       0       0       0       0       0       0       0       0
      Locals:         0       0       0       0       0       0       0       0       0       0       0       0       0       0
      Temps:          2       0       0       0       0       0       0       0       0       0       0       0       0       0
      Totals:         2       2       0       0       0       0       0       0       0       0       0       0       0       0
Total ram usage:        4 bytes
 Hardware stack levels used:    1
 Hardware stack levels required when called:    3
 This function calls:
		Nothing
 This function is called by:
		_main
 This function uses a non-reentrant model


 *************** function _ADCC_GetSingleConversion *****************
 Defined at:
		line 132 in file "mcc_generated_files/adcc.c"
 Parameters:    Size  Location     Type
  channel         1    wreg     enum E11687
 Auto vars:     Size  Location     Type
  channel         1    3[COMMON] enum E11687
 Return value:  Size  Location     Type
                  2    0[COMMON] unsigned short 
 Registers used:
		wreg
 Tracked objects:
		On entry : 
		On exit  : 
		Unchanged: 
 Data sizes:     COMMON   BANK0   BANK1   BANK2   BANK3   BANK4   BANK5   BANK6   BANK7   BANK8   BANK9  BANK10  BANK11  BANK12
      Params:         3       0       0       0       0       0       0       0       0       0       0       0       0       0
      Locals:         1       0       0       0       0       0       0       0       0       0       0       0       0       0
      Temps:          0       0       0       0       0       0       0       0       0       0       0       0       0       0
      Totals:         4       0       0       0       0       0       0       0       0       0       0       0       0       0
Total ram usage:        4 bytes
 Hardware stack levels used:    1
 Hardware stack levels required when called:    3
 This function calls:
		Nothing
 This function is called by:
		_main
 This function uses a non-reentrant model


 *************** function _INTERRUPT_InterruptManager *****************
 Defined at:
		line 52 in file "mcc_generated_files/interrupt_manager.c"
 Parameters:    Size  Location     Type
		None
 Auto vars:     Size  Location     Type
		None
 Return value:  Size  Location     Type
                  1    wreg      void 
 Registers used:
		wreg, status,2, status,0, pclath, cstack
 Tracked objects:
		On entry : 
		On exit  : 
		Unchanged: 
 Data sizes:     COMMON   BANK0   BANK1   BANK2   BANK3   BANK4   BANK5   BANK6   BANK7   BANK8   BANK9  BANK10  BANK11  BANK12
      Params:         0       0       0       0       0       0       0       0       0       0       0       0       0       0
      Locals:         0       0       0       0       0       0       0       0       0       0       0       0       0       0
      Temps:          0       0       0       0       0       0       0       0       0       0       0       0       0       0
      Totals:         0       0       0       0       0       0       0       0       0       0       0       0       0       0
Total ram usage:        0 bytes
 Hardware stack levels used:    1
 Hardware stack levels required when called:    2
 This function calls:
		_TMR0_ISR
 This function is called by:
		Interrupt level 1
 This function uses a non-reentrant model


 *************** function _TMR0_ISR *****************
 Defined at:
		line 134 in file "mcc_generated_files/tmr0.c"
 Parameters:    Size  Location     Type
		None
 Auto vars:     Size  Location     Type
		None
 Return value:  Size  Location     Type
                  1    wreg      void 
 Registers used:
		wreg, status,2, status,0, pclath, cstack
 Tracked objects:
		On entry : 
		On exit  : 
		Unchanged: 
 Data sizes:     COMMON   BANK0   BANK1   BANK2   BANK3   BANK4   BANK5   BANK6   BANK7   BANK8   BANK9  BANK10  BANK11  BANK12
      Params:         0       0       0       0       0       0       0       0       0       0       0       0       0       0
      Locals:         0       0       0       0       0       0       0       0       0       0       0       0       0       0
      Temps:          0       0       0       0       0       0       0       0       0       0       0       0       0       0
      Totals:         0       0       0       0       0       0       0       0       0       0       0       0       0       0
Total ram usage:        0 bytes
 Hardware stack levels used:    1
 Hardware stack levels required when called:    1
 This function calls:
		Absolute function
		_TMR0_DefaultInterruptHandler
 This function is called by:
		_INTERRUPT_InterruptManager
 This function uses a non-reentrant model


 *************** function _TMR0_DefaultInterruptHandler *****************
 Defined at:
		line 155 in file "mcc_generated_files/tmr0.c"
 Parameters:    Size  Location     Type
		None
 Auto vars:     Size  Location     Type
		None
 Return value:  Size  Location     Type
                  1    wreg      void 
 Registers used:
		None
 Tracked objects:
		On entry : 
		On exit  : 
		Unchanged: 
 Data sizes:     COMMON   BANK0   BANK1   BANK2   BANK3   BANK4   BANK5   BANK6   BANK7   BANK8   BANK9  BANK10  BANK11  BANK12
      Params:         0       0       0       0       0       0       0       0       0       0       0       0       0       0
      Locals:         0       0       0       0       0       0       0       0       0       0       0       0       0       0
      Temps:          0       0       0       0       0       0       0       0       0       0       0       0       0       0
      Totals:         0       0       0       0       0       0       0       0       0       0       0       0       0       0
Total ram usage:        0 bytes
 Hardware stack levels used:    1
 This function calls:
		Nothing
 This function is called by:
		_TMR0_Initialize
		_TMR0_ISR
 This function uses a non-reentrant model



MODULE INFORMATION

Module		Function		Class		Link	Load	Size
C:\Program Files\Microchip\xc8\v2.31\pic\sources\c99\common\isdigit.c
		_isdigit       		CODE           	10A5	0000	24

C:\Program Files\Microchip\xc8\v2.31\pic\sources\c99\common\isdigit.c estimated size: 24

C:\Program Files\Microchip\xc8\v2.31\pic\sources\c99\common\sprcadd.c
		___flsub       		CODE           	1127	0000	32
		___fladd       		CODE           	0B6A	0000	575

C:\Program Files\Microchip\xc8\v2.31\pic\sources\c99\common\sprcadd.c estimated size: 607

C:\Program Files\Microchip\xc8\v2.31\pic\sources\c99\common\flneg.c
		___flneg       		CODE           	1028	0000	11

C:\Program Files\Microchip\xc8\v2.31\pic\sources\c99\common\flneg.c estimated size: 11

mcc_generated_files/pwm6.c
		_PWM6_LoadDutyValue		CODE           	10D5	0000	25
		_PWM6_Initialize		CODE           	1033	0000	13

mcc_generated_files/pwm6.c estimated size: 38

C:\Program Files\Microchip\xc8\v2.31\pic\sources\c99\common\putch.c
		_putch         		CODE           	07FF	0000	1

C:\Program Files\Microchip\xc8\v2.31\pic\sources\c99\common\putch.c estimated size: 1

C:\Program Files\Microchip\xc8\v2.31\pic\sources\c99\common\nf_fputs.c
		_fputs         		CODE           	11FA	0000	41

C:\Program Files\Microchip\xc8\v2.31\pic\sources\c99\common\nf_fputs.c estimated size: 41

mcc_generated_files/tmr2.c
		_TMR2_Initialize		CODE           	1040	0000	14

mcc_generated_files/tmr2.c estimated size: 14

mcc_generated_files/interrupt_manager.c
		_INTERRUPT_InterruptManager		CODE           	0004	0000	16

mcc_generated_files/interrupt_manager.c estimated size: 16

mcc_generated_files/tmr0.c
		_TMR0_SetInterruptHandler		CODE           	1014	0000	6
		_TMR0_DefaultInterruptHandler		CODE           	0003	0000	1
		_TMR0_ISR      		CODE           	1076	0000	23
		_TMR0_Initialize		CODE           	10EE	0000	26

mcc_generated_files/tmr0.c estimated size: 56

C:\Program Files\Microchip\xc8\v2.31\pic\sources\c99\common\atoi.c
		_atoi          		CODE           	159D	0000	175

C:\Program Files\Microchip\xc8\v2.31\pic\sources\c99\common\atoi.c estimated size: 175

C:\Program Files\Microchip\xc8\v2.31\pic\sources\c99\common\fleq.c
		___fleq        		CODE           	124D	0000	78

C:\Program Files\Microchip\xc8\v2.31\pic\sources\c99\common\fleq.c estimated size: 78

C:\Program Files\Microchip\xc8\v2.31\pic\sources\c99\common\strlen.c
		_strlen        		CODE           	0800	0000	26

C:\Program Files\Microchip\xc8\v2.31\pic\sources\c99\common\strlen.c estimated size: 26

C:\Program Files\Microchip\xc8\v2.31\pic\sources\c99\common\floorf.c
		_floorf        		CODE           	084B	0000	235

C:\Program Files\Microchip\xc8\v2.31\pic\sources\c99\common\floorf.c estimated size: 235

mcc_generated_files/pin_manager.c
		_PIN_MANAGER_Initialize		CODE           	11D1	0000	41

mcc_generated_files/pin_manager.c estimated size: 41

C:\Program Files\Microchip\xc8\v2.31\pic\sources\c99\common\strcpy.c
		_strcpy        		CODE           	1168	0000	33

C:\Program Files\Microchip\xc8\v2.31\pic\sources\c99\common\strcpy.c estimated size: 33

C:\Program Files\Microchip\xc8\v2.31\pic\sources\c99\common\awmod.c
		___awmod       		CODE           	133A	0000	83

C:\Program Files\Microchip\xc8\v2.31\pic\sources\c99\common\awmod.c estimated size: 83

C:\Program Files\Microchip\xc8\v2.31\pic\sources\c99\common\Umul8_16.c
		__Umul8_16     		CODE           	1189	0000	35

C:\Program Files\Microchip\xc8\v2.31\pic\sources\c99\common\Umul8_16.c estimated size: 35

C:\Program Files\Microchip\xc8\v2.31\pic\sources\c99\common\isupper.c
		_isupper       		CODE           	10BD	0000	24

C:\Program Files\Microchip\xc8\v2.31\pic\sources\c99\common\isupper.c estimated size: 24

C:\Program Files\Microchip\xc8\v2.31\pic\sources\c99\common\nf_fputc.c
		_fputc         		CODE           	12EA	0000	80

C:\Program Files\Microchip\xc8\v2.31\pic\sources\c99\common\nf_fputc.c estimated size: 80

shared
		__initialization		CODE           	0016	0000	41

shared estimated size: 41

mcc_generated_files/mcc.c
		_PMD_Initialize		CODE           	1020	0000	8
		_OSCILLATOR_Initialize		CODE           	07F6	0000	9
		_SYSTEM_Initialize		CODE           	1060	0000	22

mcc_generated_files/mcc.c estimated size: 39

C:\Program Files\Microchip\xc8\v2.31\pic\sources\c99\common\tolower.c
		_tolower       		CODE           	11AC	0000	37

C:\Program Files\Microchip\xc8\v2.31\pic\sources\c99\common\tolower.c estimated size: 37

C:\Program Files\Microchip\xc8\v2.31\pic\sources\c99\common\sprcmul.c
		___flmul       		CODE           	0DA9	0000	599

C:\Program Files\Microchip\xc8\v2.31\pic\sources\c99\common\sprcmul.c estimated size: 599

C:\Program Files\Microchip\xc8\v2.31\pic\sources\c99\common\awdiv.c
		___awdiv       		CODE           	143E	0000	96

C:\Program Files\Microchip\xc8\v2.31\pic\sources\c99\common\awdiv.c estimated size: 96

C:\Program Files\Microchip\xc8\v2.31\pic\sources\c99\common\doprnt.c
		_vfpfcnvrt     		CODE           	0936	0000	564
		_efgtoa        		CODE           	0043	0000	1844
		_pad           		CODE           	13E5	0000	89
		_vfprintf      		CODE           	081A	0000	49

C:\Program Files\Microchip\xc8\v2.31\pic\sources\c99\common\doprnt.c estimated size: 2546

C:\Program Files\Microchip\xc8\v2.31\pic\sources\c99\common\sprcdiv.c
		___fldiv       		CODE           	164C	0000	436

C:\Program Files\Microchip\xc8\v2.31\pic\sources\c99\common\sprcdiv.c estimated size: 436

C:\Program Files\Microchip\xc8\v2.31\pic\sources\c99\common\fltol.c
		___fltol       		CODE           	149E	0000	116

C:\Program Files\Microchip\xc8\v2.31\pic\sources\c99\common\fltol.c estimated size: 116

C:\Program Files\Microchip\xc8\v2.31\pic\sources\c99\common\nf_sprintf.c
		_sprintf       		CODE           	1223	0000	42

C:\Program Files\Microchip\xc8\v2.31\pic\sources\c99\common\nf_sprintf.c estimated size: 42

C:\Program Files\Microchip\xc8\v2.31\pic\sources\c99\common\__fpclassifyf.c
		___fpclassifyf 		CODE           	0777	0000	127

C:\Program Files\Microchip\xc8\v2.31\pic\sources\c99\common\__fpclassifyf.c estimated size: 127

C:\Program Files\Microchip\xc8\v2.31\pic\sources\c99\common\flge.c
		___flge        		CODE           	1512	0000	139

C:\Program Files\Microchip\xc8\v2.31\pic\sources\c99\common\flge.c estimated size: 139

C:\Program Files\Microchip\xc8\v2.31\pic\sources\c99\common\isspace.c
		_isspace       		CODE           	1147	0000	33

C:\Program Files\Microchip\xc8\v2.31\pic\sources\c99\common\isspace.c estimated size: 33

C:\Program Files\Microchip\xc8\v2.31\pic\sources\c99\common\Umul16.c
		___wmul        		CODE           	1108	0000	31

C:\Program Files\Microchip\xc8\v2.31\pic\sources\c99\common\Umul16.c estimated size: 31

mcc_generated_files/adcc.c
		_ADCC_GetSingleConversion		CODE           	104E	0000	18
		_ADCC_Initialize		CODE           	108D	0000	24

mcc_generated_files/adcc.c estimated size: 42

main.c
		_main          		CODE           	129B	0000	79

main.c estimated size: 79

C:\Program Files\Microchip\xc8\v2.31\pic\sources\c99\common\strncmp.c
		_strncmp       		CODE           	138D	0000	88

C:\Program Files\Microchip\xc8\v2.31\pic\sources\c99\common\strncmp.c estimated size: 88

