Microchip MPLAB XC8 Compiler V2.36

Linker command line:

-W-3 --edf=C:\Program Files\Microchip\xc8\v2.36\pic\dat\en_msgs.txt -cn \
  -h+dist/default/production\Frecuencimetro_digital.X.production.sym \
  --cmf=dist/default/production\Frecuencimetro_digital.X.production.cmf -z \
  -Q18F4550 -oC:\Users\USUARIO\AppData\Local\Temp\xcAsd34.4 \
  --defsym=__MPLAB_BUILD=1 \
  -Mdist/default/production/Frecuencimetro_digital.X.production.map \
  --md=C:\Users\USUARIO\AppData\Local\Temp\xcAsd34.dat -E1 \
  -ver=XC8 Compiler --acfsm=1493 -ACODE=00h-07FFFh -ACONST=00h-07FFFh \
  -ASMALLCONST=0800h-08FFhx120 -AMEDIUMCONST=0800h-07FFFh -ACOMRAM=01h-05Fh \
  -AABS1=00h-07FFh -ABIGRAM=01h-07FFh -ARAM=060h-0FFh,0100h-01FFhx7 \
  -ABANK0=060h-0FFh -ABANK1=0100h-01FFh -ABANK2=0200h-02FFh \
  -ABANK3=0300h-03FFh -ABANK4=0400h-04FFh -ABANK5=0500h-05FFh \
  -ABANK6=0600h-06FFh -ABANK7=0700h-07FFh -ASFR=0F60h-0FFFh \
  -ABIGSFR=0F60h-0FFFh -ACONFIG=0300000h-030000Dh -AIDLOC=0200000h-0200007h \
  -AEEDATA=0F00000h-0F000FFh -peeprom_data=EEDATA \
  -preset_vec=00h,intcode,intcodelo,powerup,init -pramtop=0800h \
  -psmallconst=SMALLCONST -pmediumconst=MEDIUMCONST -pconst=CONST \
  -AFARRAM=00h-00h \
  -prdata=COMRAM,nvrram=COMRAM,nvbit=COMRAM,rbss=COMRAM,rbit=COMRAM \
  -pfarbss=FARRAM,fardata=FARRAM,nvFARRAM=FARRAM \
  -pintsave_regs=BIGRAM,bigbss=BIGRAM,bigdata=BIGRAM -pbss=RAM \
  -pidata=CODE,irdata=CODE,ibigdata=CODE,ifardata=CODE -prparam=COMRAM \
  C:\Users\USUARIO\AppData\Local\Temp\xcAsd34.o \
  dist/default/production\Frecuencimetro_digital.X.production.o 

Object code version is 3.11

Machine type is 18F4550



                Name                               Link     Load   Length Selector   Space Scale
C:\Users\USUARIO\AppData\Local\Temp\xcAsd34.o
                idloc                            200000   200000        8        0       5
                config                           300000   300000        E        0       4
                init                                  0        0        4        0       0
dist/default/production\Frecuencimetro_digital.X.production.o
                idloc                            200000   200000        8        0       5
                config                           300000   300000        E        0       4
                smallconst                          800      800       2A      400       0
                text37                             37AC     37AC       22      415       0
                text36                             214E     214E      39A      415       0
                text35                             26FA     26FA      1B4      415       0
                text34                             3036     3036       B6      415       0
                text33                             34F0     34F0       50      415       0
                text32                             3730     3730       34      415       0
                text31                             3610     3610       42      415       0
                text30                             333C     333C       5E      415       0
                text29                             33F6     33F6       56      415       0
                text28                             3764     3764       26      415       0
                text27                             36C2     36C2       38      415       0
                text26                             349E     349E       52      415       0
                text25                             28AE     28AE      156      415       0
                text24                             2F72     2F72       C4      415       0
                text23                             30EC     30EC       B0      415       0
                text22                             319C     319C       AA      415       0
                text21                             2B0A     2B0A      104      415       0
                text20                             1D24     1D24      42A      415       0
                text19                             368A     368A       38      415       0
                text18                             1438     1438      4C0      415       0
                text17                             3586     3586       46      415       0
                text16                             2A04     2A04      106      415       0
                text15                             2C0E     2C0E       FE      415       0
                text14                             24E8     24E8      212      415       0
                text13                             37CE     37CE        2      415       0
                text12                             2DE2     2DE2       CA      415       0
                text11                             35CC     35CC       44      415       0
                text10                             36FA     36FA       36      415       0
                text9                              2EAC     2EAC       C6      415       0
                text8                              339A     339A       5C      415       0
                text7                              3652     3652       38      415       0
                text6                              3540     3540       46      415       0
                text5                               82A      82A      C0E      415       0
                text4                              2D0C     2D0C       D6      415       0
                text3                              18F8     18F8      42C      415       0
                text2                              32DA     32DA       62      415       0
                text1                              344C     344C       52      415       0
                text0                              3246     3246       94      415       0
                cstackCOMRAM                          1        1       5F        1       1
                cstackBANK0                          60       60       5F       60       1
                bssBANK1                            100      100       50      100       1
                bssBANK0                             BF       BF       10       60       1
                cinit                              378A     378A       22      415       0

TOTAL           Name                               Link     Load   Length     Space
        CLASS   CODE           
                init                                  0        0        4         0
                text37                             37AC     37AC       22         0
                text36                             214E     214E      39A         0
                text35                             26FA     26FA      1B4         0
                text34                             3036     3036       B6         0
                text33                             34F0     34F0       50         0
                text32                             3730     3730       34         0
                text31                             3610     3610       42         0
                text30                             333C     333C       5E         0
                text29                             33F6     33F6       56         0
                text28                             3764     3764       26         0
                text27                             36C2     36C2       38         0
                text26                             349E     349E       52         0
                text25                             28AE     28AE      156         0
                text24                             2F72     2F72       C4         0
                text23                             30EC     30EC       B0         0
                text22                             319C     319C       AA         0
                text21                             2B0A     2B0A      104         0
                text20                             1D24     1D24      42A         0
                text19                             368A     368A       38         0
                text18                             1438     1438      4C0         0
                text17                             3586     3586       46         0
                text16                             2A04     2A04      106         0
                text15                             2C0E     2C0E       FE         0
                text14                             24E8     24E8      212         0
                text13                             37CE     37CE        2         0
                text12                             2DE2     2DE2       CA         0
                text11                             35CC     35CC       44         0
                text10                             36FA     36FA       36         0
                text9                              2EAC     2EAC       C6         0
                text8                              339A     339A       5C         0
                text7                              3652     3652       38         0
                text6                              3540     3540       46         0
                text5                               82A      82A      C0E         0
                text4                              2D0C     2D0C       D6         0
                text3                              18F8     18F8      42C         0
                text2                              32DA     32DA       62         0
                text1                              344C     344C       52         0
                text0                              3246     3246       94         0
                cinit                              378A     378A       22         0

        CLASS   CONST          

        CLASS   SMALLCONST     
                smallconst                          800      800       2A         0

        CLASS   MEDIUMCONST    

        CLASS   COMRAM         
                cstackCOMRAM                          1        1       5F         1

        CLASS   ABS1           

        CLASS   BIGRAM         

        CLASS   RAM            

        CLASS   BANK0          
                cstackBANK0                          60       60       5F         1
                bssBANK0                             BF       BF       10         1

        CLASS   BANK1          
                bssBANK1                            100      100       50         1

        CLASS   BANK2          

        CLASS   BANK3          

        CLASS   BANK4          

        CLASS   BANK5          

        CLASS   BANK6          

        CLASS   BANK7          

        CLASS   SFR            

        CLASS   BIGSFR         

        CLASS   CONFIG         
                config                           300000   300000        E         4

        CLASS   IDLOC          
                idloc                            200000   200000        8         5

        CLASS   EEDATA         

        CLASS   FARRAM         

        CLASS   HEAP           

        CLASS   STACK          



SEGMENTS        Name                           Load    Length   Top    Selector   Space  Class

                reset_vec                      000000  000004  000004         0       0  CODE    
                cstackCOMRAM                   000001  00005F  000060         1       1  COMRAM  
                cstackBANK0                    000060  00006F  0000CF        60       1  BANK0   
                bssBANK1                       000100  000050  000150       100       1  BANK1   
                smallconst                     000800  00002A  00082A       400       0  SMALLCON
                text5                          00082A  002FA6  0037D0       415       0  CODE    


UNUSED ADDRESS RANGES

        Name                Unused          Largest block    Delta
        BANK0            0000CF-0000FF               31
        BANK1            000150-0001FF               B0
        BANK2            000200-0002FF              100
        BANK3            000300-0003FF              100
        BANK4            000400-0004FF              100
        BANK5            000500-0005FF              100
        BANK6            000600-0006FF              100
        BANK7            000700-0007FF              100
        BIGRAM           0000CF-0000FF               31
                         000150-0007FF              6B0
        BIGSFR           000F60-000FFF               A0
        CODE             000004-0007FF              7FC
                         0037D0-007FFF             4830
        CONST            000004-0007FF              7FC
                         0037D0-007FFF             4830
        EEDATA           F00000-F000FF              100
        MEDIUMCONST      0037D0-007FFF             4830
        RAM              0000CF-0000FF               31
                         000150-0007FF              100
        SFR              000F60-000FFF               A0
        SMALLCONST       0037D0-007FFF              100

                                  Symbol Table

?_Capture_read           cstackCOMRAM 000028
?___awdiv                cstackCOMRAM 000001
?___awmod                cstackCOMRAM 000001
?___fladd                cstackCOMRAM 000001
?___fldiv                cstackCOMRAM 00000F
?___flmul                cstackCOMRAM 000001
?___flneg                cstackCOMRAM 000001
?___flsub                cstackCOMRAM 00001A
?___fltol                cstackCOMRAM 000001
?___fpclassifyf          cstackCOMRAM 000001
?___wmul                 cstackCOMRAM 000001
?___xxtofl               cstackCOMRAM 000001
?_atoi                   cstackCOMRAM 000008
?_efgtoa                 cstackCOMRAM 00003C
?_floorf                 cstackCOMRAM 000028
?_isdigit                cstackCOMRAM 000001
?_isspace                cstackCOMRAM 000001
?_isupper                cstackCOMRAM 000001
?_pad                    cstackCOMRAM 000011
?_sprintf                cstackBANK0  000094
?_strlen                 cstackCOMRAM 000001
?_strncmp                cstackCOMRAM 000001
?_tolower                cstackCOMRAM 000007
?_vfpfcnvrt              cstackCOMRAM 000048
?_vfprintf               cstackCOMRAM 00005A
Capture_read@conteo      cstackCOMRAM 00002C
Capture_read@data1       cstackCOMRAM 00002E
Capture_read@data2       cstackCOMRAM 000030
LCD_Char@x               cstackCOMRAM 000002
LCD_Command@dat          cstackCOMRAM 000002
LCD_Print@str            cstackCOMRAM 000003
LCD_setCursor@location   cstackCOMRAM 000007
LCD_setCursor@x          cstackCOMRAM 000006
LCD_setCursor@y          cstackCOMRAM 000003
_CCP1CON                 (abs)        000FBD
_CCP1IE                  (abs)        007CEA
_CCP1IF                  (abs)        007CF2
_CCPR1                   (abs)        000FBE
_Capture_Begin           text37       0037AC
_Capture_read            text34       003036
_LATD                    (abs)        000F8C
_LCD_Begin               text32       003730
_LCD_Char                text31       003610
_LCD_Command             text33       0034F0
_LCD_Print               text30       00333C
_LCD_setCursor           text29       0033F6
_OSCCON                  (abs)        000FD3
_T1CON                   (abs)        000FCD
_TMR1                    (abs)        000FCE
_TMR1ON                  (abs)        007E68
_TRISC2                  (abs)        007CA2
_TRISD                   (abs)        000F95
__HRAM                   (abs)        000000
__Habs1                  abs1         000000
__Hbank0                 bank0        000000
__Hbank1                 bank1        000000
__Hbank2                 bank2        000000
__Hbank3                 bank3        000000
__Hbank4                 bank4        000000
__Hbank5                 bank5        000000
__Hbank6                 bank6        000000
__Hbank7                 bank7        000000
__Hbigbss                bigbss       000000
__Hbigdata               bigdata      000000
__Hbigram                bigram       000000
__Hbigsfr                bigsfr       000000
__Hbss                   bss          000000
__HbssBANK0              bssBANK0     000000
__HbssBANK1              bssBANK1     000000
__Hcinit                 cinit        000000
__Hclrtext               clrtext      000000
__Hcomram                comram       000000
__Hconfig                config       30000E
__Hconst                 const        000000
__HcstackBANK0           cstackBANK0  000000
__HcstackCOMRAM          cstackCOMRAM 000000
__Hdata                  data         000000
__Heeprom_data           eeprom_data  000000
__Hfarbss                farbss       000000
__Hfardata               fardata      000000
__Hheap                  heap         000000
__Hibigdata              ibigdata     000000
__Hidata                 idata        000000
__Hidloc                 idloc        200008
__Hifardata              ifardata     000000
__Hinit                  init         000004
__Hintcode               intcode      000000
__Hintcode_body          intcode_body 000000
__Hintcodelo             intcodelo    000000
__Hintentry              intentry     000000
__Hintret                intret       000000
__Hintsave_regs          intsave_regs 000000
__Hirdata                irdata       000000
__Hmediumconst           mediumconst  000000
__HnvFARRAM              nvFARRAM     000000
__Hnvbit                 nvbit        000000
__Hnvrram                nvrram       000000
__Hparam                 rparam       000000
__Hpowerup               powerup      000000
__Hram                   ram          000000
__Hramtop                ramtop       000800
__Hrbit                  rbit         000000
__Hrbss                  rbss         000000
__Hrdata                 rdata        000000
__Hreset_vec             reset_vec    000000
__Hrparam                rparam       000000
__Hsfr                   sfr          000000
__Hsmallconst            smallconst   00082A
__Hspace_0               (abs)        0037D0
__Hspace_1               (abs)        000150
__Hspace_2               (abs)        000000
__Hspace_4               (abs)        60000E
__Hstack                 stack        000000
__Hstruct                struct       000000
__Htemp                  temp         000000
__Htext                  text         000000
__Htext0                 text0        000000
__Htext1                 text1        000000
__Htext10                text10       000000
__Htext11                text11       000000
__Htext12                text12       000000
__Htext13                text13       000000
__Htext14                text14       000000
__Htext15                text15       000000
__Htext16                text16       000000
__Htext17                text17       000000
__Htext18                text18       000000
__Htext19                text19       000000
__Htext2                 text2        000000
__Htext20                text20       000000
__Htext21                text21       000000
__Htext22                text22       000000
__Htext23                text23       000000
__Htext24                text24       000000
__Htext25                text25       000000
__Htext26                text26       000000
__Htext27                text27       000000
__Htext28                text28       000000
__Htext29                text29       000000
__Htext3                 text3        000000
__Htext30                text30       000000
__Htext31                text31       000000
__Htext32                text32       000000
__Htext33                text33       000000
__Htext34                text34       000000
__Htext35                text35       000000
__Htext36                text36       000000
__Htext37                text37       000000
__Htext4                 text4        000000
__Htext5                 text5        000000
__Htext6                 text6        000000
__Htext7                 text7        000000
__Htext8                 text8        000000
__Htext9                 text9        000000
__LRAM                   (abs)        000001
__Labs1                  abs1         000000
__Lbank0                 bank0        000000
__Lbank1                 bank1        000000
__Lbank2                 bank2        000000
__Lbank3                 bank3        000000
__Lbank4                 bank4        000000
__Lbank5                 bank5        000000
__Lbank6                 bank6        000000
__Lbank7                 bank7        000000
__Lbigbss                bigbss       000000
__Lbigdata               bigdata      000000
__Lbigram                bigram       000000
__Lbigsfr                bigsfr       000000
__Lbss                   bss          000000
__LbssBANK0              bssBANK0     000000
__LbssBANK1              bssBANK1     000000
__Lcinit                 cinit        000000
__Lclrtext               clrtext      000000
__Lcomram                comram       000000
__Lconfig                config       000000
__Lconst                 const        000000
__LcstackBANK0           cstackBANK0  000000
__LcstackCOMRAM          cstackCOMRAM 000000
__Ldata                  data         000000
__Leeprom_data           eeprom_data  000000
__Lfarbss                farbss       000000
__Lfardata               fardata      000000
__Lheap                  heap         000000
__Libigdata              ibigdata     000000
__Lidata                 idata        000000
__Lidloc                 idloc        000000
__Lifardata              ifardata     000000
__Linit                  init         000000
__Lintcode               intcode      000000
__Lintcode_body          intcode_body 000000
__Lintcodelo             intcodelo    000000
__Lintentry              intentry     000000
__Lintret                intret       000000
__Lintsave_regs          intsave_regs 000000
__Lirdata                irdata       000000
__Lmediumconst           mediumconst  000000
__LnvFARRAM              nvFARRAM     000000
__Lnvbit                 nvbit        000000
__Lnvrram                nvrram       000000
__Lparam                 rparam       000000
__Lpowerup               powerup      000000
__Lram                   ram          000000
__Lramtop                ramtop       000800
__Lrbit                  rbit         000000
__Lrbss                  rbss         000000
__Lrdata                 rdata        000000
__Lreset_vec             reset_vec    000000
__Lrparam                rparam       000000
__Lsfr                   sfr          000000
__Lsmallconst            smallconst   000800
__Lspace_0               (abs)        000000
__Lspace_1               (abs)        000000
__Lspace_2               (abs)        000000
__Lspace_4               (abs)        000000
__Lstack                 stack        000000
__Lstruct                struct       000000
__Ltemp                  temp         000000
__Ltext                  text         000000
__Ltext0                 text0        000000
__Ltext1                 text1        000000
__Ltext10                text10       000000
__Ltext11                text11       000000
__Ltext12                text12       000000
__Ltext13                text13       000000
__Ltext14                text14       000000
__Ltext15                text15       000000
__Ltext16                text16       000000
__Ltext17                text17       000000
__Ltext18                text18       000000
__Ltext19                text19       000000
__Ltext2                 text2        000000
__Ltext20                text20       000000
__Ltext21                text21       000000
__Ltext22                text22       000000
__Ltext23                text23       000000
__Ltext24                text24       000000
__Ltext25                text25       000000
__Ltext26                text26       000000
__Ltext27                text27       000000
__Ltext28                text28       000000
__Ltext29                text29       000000
__Ltext3                 text3        000000
__Ltext30                text30       000000
__Ltext31                text31       000000
__Ltext32                text32       000000
__Ltext33                text33       000000
__Ltext34                text34       000000
__Ltext35                text35       000000
__Ltext36                text36       000000
__Ltext37                text37       000000
__Ltext4                 text4        000000
__Ltext5                 text5        000000
__Ltext6                 text6        000000
__Ltext7                 text7        000000
__Ltext8                 text8        000000
__Ltext9                 text9        000000
__S0                     (abs)        0037D0
__S1                     (abs)        000150
__S4                     (abs)        000000
__S5                     (abs)        000000
___awdiv                 text24       002F72
___awdiv@counter         cstackCOMRAM 000005
___awdiv@dividend        cstackCOMRAM 000001
___awdiv@divisor         cstackCOMRAM 000003
___awdiv@quotient        cstackCOMRAM 000007
___awdiv@sign            cstackCOMRAM 000006
___awmod                 text23       0030EC
___awmod@counter         cstackCOMRAM 000005
___awmod@dividend        cstackCOMRAM 000001
___awmod@divisor         cstackCOMRAM 000003
___awmod@sign            cstackCOMRAM 000006
___fladd                 text18       001438
___fladd@a               cstackCOMRAM 000005
___fladd@aexp            cstackCOMRAM 00000E
___fladd@b               cstackCOMRAM 000001
___fladd@bexp            cstackCOMRAM 00000F
___fladd@grs             cstackCOMRAM 000010
___fladd@signs           cstackCOMRAM 00000D
___fldiv                 text36       00214E
___fldiv@a               cstackCOMRAM 000013
___fldiv@aexp            cstackCOMRAM 000027
___fldiv@b               cstackCOMRAM 00000F
___fldiv@bexp            cstackCOMRAM 000026
___fldiv@grs             cstackCOMRAM 000022
___fldiv@new_exp         cstackCOMRAM 000020
___fldiv@rem             cstackCOMRAM 00001B
___fldiv@sign            cstackCOMRAM 00001F
___fleq                  text22       00319C
___fleq@ff1              cstackCOMRAM 000001
___fleq@ff2              cstackCOMRAM 000005
___flge                  text21       002B0A
___flge@ff1              cstackCOMRAM 00001A
___flge@ff2              cstackCOMRAM 00001E
___flmul                 text20       001D24
___flmul@a               cstackCOMRAM 000005
___flmul@aexp            cstackCOMRAM 000012
___flmul@b               cstackCOMRAM 000001
___flmul@bexp            cstackCOMRAM 000013
___flmul@grs             cstackCOMRAM 00000E
___flmul@prod            cstackCOMRAM 000014
___flmul@sign            cstackCOMRAM 00000D
___flmul@temp            cstackCOMRAM 000018
___flneg                 text19       00368A
___flneg@f1              cstackCOMRAM 000001
___flsub                 text17       003586
___flsub@a               cstackCOMRAM 00001E
___flsub@b               cstackCOMRAM 00001A
___fltol                 text16       002A04
___fltol@exp1            cstackCOMRAM 00000A
___fltol@f1              cstackCOMRAM 000001
___fltol@sign1           cstackCOMRAM 000009
___fpclassifyf           text15       002C0E
___fpclassifyf@F465      bssBANK0     0000C3
___fpclassifyf@e         cstackCOMRAM 000009
___fpclassifyf@u         cstackCOMRAM 00000B
___fpclassifyf@x         cstackCOMRAM 000001
___heap_hi               (abs)        000000
___heap_lo               (abs)        000000
___inthi_sp              stack        000000
___intlo_sp              stack        000000
___param_bank            (abs)        000000
___rparam_used           (abs)        000001
___sp                    stack        000000
___wmul                  text28       003764
___wmul@multiplicand     cstackCOMRAM 000003
___wmul@multiplier       cstackCOMRAM 000001
___wmul@product          cstackCOMRAM 000005
___xxtofl                text35       0026FA
___xxtofl@arg            cstackCOMRAM 00000B
___xxtofl@exp            cstackCOMRAM 00000A
___xxtofl@sign           cstackCOMRAM 000009
___xxtofl@val            cstackCOMRAM 000001
__accesstop              (abs)        000060
__activetblptr           (abs)        000002
__end_of_Capture_Begin   text37       0037CE
__end_of_Capture_read    text34       0030EC
__end_of_LCD_Begin       text32       003764
__end_of_LCD_Char        text31       003652
__end_of_LCD_Command     text33       003540
__end_of_LCD_Print       text30       00339A
__end_of_LCD_setCursor   text29       00344C
__end_of___awdiv         text24       003036
__end_of___awmod         text23       00319C
__end_of___fladd         text18       0018F8
__end_of___fldiv         text36       0024E8
__end_of___fleq          text22       003246
__end_of___flge          text21       002C0E
__end_of___flmul         text20       00214E
__end_of___flneg         text19       0036C2
__end_of___flsub         text17       0035CC
__end_of___fltol         text16       002B0A
__end_of___fpclassifyf   text15       002D0C
__end_of___wmul          text28       00378A
__end_of___xxtofl        text35       0028AE
__end_of__initialization cinit        0037A2
__end_of_atoi            text25       002A04
__end_of_efgtoa          text5        001438
__end_of_floorf          text14       0026FA
__end_of_fputc           text12       002EAC
__end_of_fputs           text11       003610
__end_of_isdigit         text27       0036FA
__end_of_isspace         text26       0034F0
__end_of_isupper         text7        00368A
__end_of_main            text0        0032DA
__end_of_pad             text9        002F72
__end_of_putch           text13       0037D0
__end_of_sprintf         text1        00349E
__end_of_strcpy          text8        0033F6
__end_of_strlen          text10       003730
__end_of_strncmp         text4        002DE2
__end_of_tolower         text6        003586
__end_of_vfpfcnvrt       text3        001D24
__end_of_vfprintf        text2        00333C
__initialization         cinit        00378A
__mediumconst            mediumconst  000000
__pbssBANK0              bssBANK0     0000BF
__pbssBANK1              bssBANK1     000100
__pcinit                 cinit        00378A
__pcstackBANK0           cstackBANK0  000060
__pcstackCOMRAM          cstackCOMRAM 000001
__psmallconst            smallconst   000800
__ptext0                 text0        003246
__ptext1                 text1        00344C
__ptext10                text10       0036FA
__ptext11                text11       0035CC
__ptext12                text12       002DE2
__ptext13                text13       0037CE
__ptext14                text14       0024E8
__ptext15                text15       002C0E
__ptext16                text16       002A04
__ptext17                text17       003586
__ptext18                text18       001438
__ptext19                text19       00368A
__ptext2                 text2        0032DA
__ptext20                text20       001D24
__ptext21                text21       002B0A
__ptext22                text22       00319C
__ptext23                text23       0030EC
__ptext24                text24       002F72
__ptext25                text25       0028AE
__ptext26                text26       00349E
__ptext27                text27       0036C2
__ptext28                text28       003764
__ptext29                text29       0033F6
__ptext3                 text3        0018F8
__ptext30                text30       00333C
__ptext31                text31       003610
__ptext32                text32       003730
__ptext33                text33       0034F0
__ptext34                text34       003036
__ptext35                text35       0026FA
__ptext36                text36       00214E
__ptext37                text37       0037AC
__ptext4                 text4        002D0C
__ptext5                 text5        00082A
__ptext6                 text6        003540
__ptext7                 text7        003652
__ptext8                 text8        00339A
__ptext9                 text9        002EAC
__ramtop                 ramtop       000800
__smallconst             smallconst   000800
_atoi                    text25       0028AE
_dbuf                    bssBANK1     000100
_efgtoa                  text5        00082A
_efgtoa$670              cstackBANK0  000060
_efgtoa$678              cstackBANK0  000062
_efgtoa$679              cstackBANK0  000064
_flags                   bssBANK0     0000CD
_floorf                  text14       0024E8
_fputc                   text12       002DE2
_fputs                   text11       0035CC
_isdigit                 text27       0036C2
_isspace                 text26       00349E
_isspace$757             cstackCOMRAM 000007
_isupper                 text7        003652
_main                    text0        003246
_nout                    bssBANK0     0000C7
_pad                     text9        002EAC
_prec                    bssBANK0     0000CB
_putch                   text13       0037CE
_sprintf                 text1        00344C
_strcpy                  text8        00339A
_strlen                  text10       0036FA
_strncmp                 text4        002D0C
_tolower                 text6        003540
_vfpfcnvrt               text3        0018F8
_vfprintf                text2        0032DA
_width                   bssBANK0     0000C9
atoi@n                   cstackCOMRAM 000010
atoi@neg                 cstackCOMRAM 00000E
atoi@s                   cstackCOMRAM 000008
efgtoa@c                 cstackCOMRAM 000042
efgtoa@d                 cstackBANK0  000072
efgtoa@e                 cstackBANK0  00008A
efgtoa@f                 cstackCOMRAM 00003E
efgtoa@fp                cstackCOMRAM 00003C
efgtoa@g                 cstackBANK0  000086
efgtoa@h                 cstackBANK0  00007C
efgtoa@i                 cstackBANK0  000084
efgtoa@l                 cstackBANK0  000080
efgtoa@m                 cstackBANK0  00006C
efgtoa@mode              cstackBANK0  00007B
efgtoa@n                 cstackBANK0  00008C
efgtoa@ne                cstackBANK0  00006A
efgtoa@nmode             cstackBANK0  00007A
efgtoa@ou                cstackBANK0  00006E
efgtoa@p                 cstackBANK0  000076
efgtoa@pp                cstackBANK0  000068
efgtoa@sign              cstackBANK0  000074
efgtoa@t                 cstackBANK0  000066
efgtoa@u                 cstackBANK0  00008E
efgtoa@w                 cstackBANK0  000078
end_of_initialization    cinit        0037A2
floorf@F526              bssBANK0     0000BF
floorf@e                 cstackCOMRAM 000036
floorf@m                 cstackCOMRAM 000032
floorf@u                 cstackCOMRAM 000038
floorf@x                 cstackCOMRAM 000028
fputc@c                  cstackCOMRAM 000001
fputc@fp                 cstackCOMRAM 000003
fputs@c                  cstackCOMRAM 00000E
fputs@fp                 cstackCOMRAM 00000C
fputs@i                  cstackCOMRAM 00000F
fputs@s                  cstackCOMRAM 00000A
intlevel0                text         000000
intlevel1                text         000000
intlevel2                text         000000
intlevel3                text         000000
isa$std                  (abs)        000001
isa$xinst                (abs)        000000
isdigit@c                cstackCOMRAM 000001
isspace@c                cstackCOMRAM 000001
isupper@c                cstackCOMRAM 000001
main@buffer              cstackBANK0  0000AB
main@frecuencia          cstackBANK0  0000BB
pad@buf                  cstackCOMRAM 000013
pad@fp                   cstackCOMRAM 000011
pad@i                    cstackCOMRAM 000018
pad@p                    cstackCOMRAM 000015
pad@w                    cstackCOMRAM 00001A
sprintf@ap               cstackBANK0  00009C
sprintf@f                cstackBANK0  00009E
sprintf@fmt              cstackBANK0  000096
sprintf@s                cstackBANK0  000094
stackhi                  (abs)        000000
stacklo                  (abs)        000000
start                    init         000000
start_initialization     cinit        00378A
strcpy@d                 cstackCOMRAM 000009
strcpy@dest              cstackCOMRAM 000001
strcpy@s                 cstackCOMRAM 000007
strcpy@src               cstackCOMRAM 000003
strlen@a                 cstackCOMRAM 000003
strlen@s                 cstackCOMRAM 000001
strncmp@_l               cstackCOMRAM 000001
strncmp@_r               cstackCOMRAM 000003
strncmp@l                cstackCOMRAM 000008
strncmp@n                cstackCOMRAM 000005
strncmp@r                cstackCOMRAM 00000A
tolower@c                cstackCOMRAM 000007
vfpfcnvrt@ap             cstackCOMRAM 00004C
vfpfcnvrt@c              cstackCOMRAM 000059
vfpfcnvrt@ct             cstackCOMRAM 000056
vfpfcnvrt@f              cstackCOMRAM 000052
vfpfcnvrt@fmt            cstackCOMRAM 00004A
vfpfcnvrt@fp             cstackCOMRAM 000048
vfprintf@ap              cstackCOMRAM 00005E
vfprintf@cfmt            cstackBANK0  000092
vfprintf@fmt             cstackCOMRAM 00005C
vfprintf@fp              cstackCOMRAM 00005A


MODULE INFORMATION

Module		Function		Class		Link	Load	Size
C:\Program Files\Microchip\xc8\v2.36\pic\sources\c99\common\putch.c
		_putch         		CODE           	37CE	0000	2

C:\Program Files\Microchip\xc8\v2.36\pic\sources\c99\common\putch.c estimated size: 2

C:\Program Files\Microchip\xc8\v2.36\pic\sources\c99\common\nf_fputs.c
		_fputs         		CODE           	35CC	0000	68

C:\Program Files\Microchip\xc8\v2.36\pic\sources\c99\common\nf_fputs.c estimated size: 68

C:\Program Files\Microchip\xc8\v2.36\pic\sources\c99\common\strncmp.c
		_strncmp       		CODE           	2D0C	0000	214

C:\Program Files\Microchip\xc8\v2.36\pic\sources\c99\common\strncmp.c estimated size: 214

C:\Program Files\Microchip\xc8\v2.36\pic\sources\c99\common\tolower.c
		_tolower       		CODE           	3540	0000	70

C:\Program Files\Microchip\xc8\v2.36\pic\sources\c99\common\tolower.c estimated size: 70

C:\Program Files\Microchip\xc8\v2.36\pic\sources\c99\common\__fpclassifyf.c
		___fpclassifyf 		CODE           	2C0E	0000	254

C:\Program Files\Microchip\xc8\v2.36\pic\sources\c99\common\__fpclassifyf.c estimated size: 254

C:\Program Files\Microchip\xc8\v2.36\pic\sources\c99\common\sprcmul.c
		___flmul       		CODE           	1D24	0000	1066

C:\Program Files\Microchip\xc8\v2.36\pic\sources\c99\common\sprcmul.c estimated size: 1066

C:\Program Files\Microchip\xc8\v2.36\pic\sources\c99\common\floorf.c
		_floorf        		CODE           	24E8	0000	530

C:\Program Files\Microchip\xc8\v2.36\pic\sources\c99\common\floorf.c estimated size: 530

C:\Program Files\Microchip\xc8\v2.36\pic\sources\c99\common\sprcdiv.c
		___fldiv       		CODE           	214E	0000	922

C:\Program Files\Microchip\xc8\v2.36\pic\sources\c99\common\sprcdiv.c estimated size: 922

C:\Program Files\Microchip\xc8\v2.36\pic\sources\c99\common\atoi.c
		_atoi          		CODE           	28AE	0000	342

C:\Program Files\Microchip\xc8\v2.36\pic\sources\c99\common\atoi.c estimated size: 342

C:\Program Files\Microchip\xc8\v2.36\pic\sources\c99\common\fleq.c
		___fleq        		CODE           	319C	0000	170

C:\Program Files\Microchip\xc8\v2.36\pic\sources\c99\common\fleq.c estimated size: 170

C:\Program Files\Microchip\xc8\v2.36\pic\sources\c99\common\awmod.c
		___awmod       		CODE           	30EC	0000	176

C:\Program Files\Microchip\xc8\v2.36\pic\sources\c99\common\awmod.c estimated size: 176

C:\Program Files\Microchip\xc8\v2.36\pic\sources\c99\common\nf_sprintf.c
		_sprintf       		CODE           	344C	0000	82

C:\Program Files\Microchip\xc8\v2.36\pic\sources\c99\common\nf_sprintf.c estimated size: 82

C:\Program Files\Microchip\xc8\v2.36\pic\sources\c99\common\isspace.c
		_isspace       		CODE           	349E	0000	82

C:\Program Files\Microchip\xc8\v2.36\pic\sources\c99\common\isspace.c estimated size: 82

../Frecuenciometro_digital.X/LCD_4bits.c
		_LCD_Command   		CODE           	34F0	0000	80
		_LCD_Begin     		CODE           	3730	0000	52
		_LCD_Char      		CODE           	3610	0000	66
		_LCD_Print     		CODE           	333C	0000	94
		_LCD_setCursor 		CODE           	33F6	0000	86

../Frecuenciometro_digital.X/LCD_4bits.c estimated size: 378

C:\Program Files\Microchip\xc8\v2.36\pic\sources\c99\common\xxtofl.c
		___xxtofl      		CODE           	26FA	0000	436

C:\Program Files\Microchip\xc8\v2.36\pic\sources\c99\common\xxtofl.c estimated size: 436

../Frecuenciometro_digital.X/main.c
		_main          		CODE           	3246	0000	148
		_Capture_read  		CODE           	3036	0000	182
		_Capture_Begin 		CODE           	37AC	0000	34

../Frecuenciometro_digital.X/main.c estimated size: 364

C:\Program Files\Microchip\xc8\v2.36\pic\sources\c99\common\strlen.c
		_strlen        		CODE           	36FA	0000	54

C:\Program Files\Microchip\xc8\v2.36\pic\sources\c99\common\strlen.c estimated size: 54

C:\Program Files\Microchip\xc8\v2.36\pic\sources\c99\common\strcpy.c
		_strcpy        		CODE           	339A	0000	92

C:\Program Files\Microchip\xc8\v2.36\pic\sources\c99\common\strcpy.c estimated size: 92

C:\Program Files\Microchip\xc8\v2.36\pic\sources\c99\common\nf_fputc.c
		_fputc         		CODE           	2DE2	0000	202

C:\Program Files\Microchip\xc8\v2.36\pic\sources\c99\common\nf_fputc.c estimated size: 202

C:\Program Files\Microchip\xc8\v2.36\pic\sources\c99\common\isdigit.c
		_isdigit       		CODE           	36C2	0000	56

C:\Program Files\Microchip\xc8\v2.36\pic\sources\c99\common\isdigit.c estimated size: 56

C:\Program Files\Microchip\xc8\v2.36\pic\sources\c99\common\sprcadd.c
		___flsub       		CODE           	3586	0000	70
		___fladd       		CODE           	1438	0000	1216

C:\Program Files\Microchip\xc8\v2.36\pic\sources\c99\common\sprcadd.c estimated size: 1286

C:\Program Files\Microchip\xc8\v2.36\pic\sources\c99\common\awdiv.c
		___awdiv       		CODE           	2F72	0000	196

C:\Program Files\Microchip\xc8\v2.36\pic\sources\c99\common\awdiv.c estimated size: 196

C:\Program Files\Microchip\xc8\v2.36\pic\sources\c99\common\doprnt.c
		_vfpfcnvrt     		CODE           	18F8	0000	1068
		_efgtoa        		CODE           	082A	0000	3086
		_pad           		CODE           	2EAC	0000	198
		_vfprintf      		CODE           	32DA	0000	98

C:\Program Files\Microchip\xc8\v2.36\pic\sources\c99\common\doprnt.c estimated size: 4450

C:\Program Files\Microchip\xc8\v2.36\pic\sources\c99\common\fltol.c
		___fltol       		CODE           	2A04	0000	262

C:\Program Files\Microchip\xc8\v2.36\pic\sources\c99\common\fltol.c estimated size: 262

shared
		__initialization		CODE           	378A	0000	24

shared estimated size: 24

C:\Program Files\Microchip\xc8\v2.36\pic\sources\c99\common\flge.c
		___flge        		CODE           	2B0A	0000	260

C:\Program Files\Microchip\xc8\v2.36\pic\sources\c99\common\flge.c estimated size: 260

C:\Program Files\Microchip\xc8\v2.36\pic\sources\c99\common\Umul16.c
		___wmul        		CODE           	3764	0000	38

C:\Program Files\Microchip\xc8\v2.36\pic\sources\c99\common\Umul16.c estimated size: 38

C:\Program Files\Microchip\xc8\v2.36\pic\sources\c99\common\flneg.c
		___flneg       		CODE           	368A	0000	56

C:\Program Files\Microchip\xc8\v2.36\pic\sources\c99\common\flneg.c estimated size: 56

C:\Program Files\Microchip\xc8\v2.36\pic\sources\c99\common\isupper.c
		_isupper       		CODE           	3652	0000	56

C:\Program Files\Microchip\xc8\v2.36\pic\sources\c99\common\isupper.c estimated size: 56

