Archive member included to satisfy reference by file (symbol)

c:/users/pc1/downloads/avr8-gnu-toolchain-3.7.0.1796-win32.any.x86_64/avr8-gnu-toolchain-win32_x86_64/bin/../lib/gcc/avr/7.3.0/avr5\libgcc.a(_exit.o)
                              C:/Program Files/Microchip/MPLABX/v5.45/packs/Microchip/ATmega_DFP/2.2.108/gcc/dev/atmega328pb/avr5/crtatmega328pb.o (exit)
c:/users/pc1/downloads/avr8-gnu-toolchain-3.7.0.1796-win32.any.x86_64/avr8-gnu-toolchain-win32_x86_64/bin/../lib/gcc/avr/7.3.0/avr5\libgcc.a(_copy_data.o)
                              build/default/production/mainLab2.o (__do_copy_data)

Discarded input sections

 .data          0x0000000000000000        0x0 C:/Program Files/Microchip/MPLABX/v5.45/packs/Microchip/ATmega_DFP/2.2.108/gcc/dev/atmega328pb/avr5/crtatmega328pb.o
 .bss           0x0000000000000000        0x0 C:/Program Files/Microchip/MPLABX/v5.45/packs/Microchip/ATmega_DFP/2.2.108/gcc/dev/atmega328pb/avr5/crtatmega328pb.o
 .text          0x0000000000000000        0x0 build/default/production/mainLab2.o
 .data          0x0000000000000000        0x0 build/default/production/mainLab2.o
 .bss           0x0000000000000000        0x0 build/default/production/mainLab2.o
 .text          0x0000000000000000        0x0 build/default/production/lcd_2x16.o
 .data          0x0000000000000000        0x0 build/default/production/lcd_2x16.o
 .bss           0x0000000000000000        0x0 build/default/production/lcd_2x16.o
 .text.Lcd_Shift_Right
                0x0000000000000000        0xe build/default/production/lcd_2x16.o
 .text.Lcd_Shift_Left
                0x0000000000000000        0xe build/default/production/lcd_2x16.o
 .text          0x0000000000000000        0x0 c:/users/pc1/downloads/avr8-gnu-toolchain-3.7.0.1796-win32.any.x86_64/avr8-gnu-toolchain-win32_x86_64/bin/../lib/gcc/avr/7.3.0/avr5\libgcc.a(_exit.o)
 .data          0x0000000000000000        0x0 c:/users/pc1/downloads/avr8-gnu-toolchain-3.7.0.1796-win32.any.x86_64/avr8-gnu-toolchain-win32_x86_64/bin/../lib/gcc/avr/7.3.0/avr5\libgcc.a(_exit.o)
 .bss           0x0000000000000000        0x0 c:/users/pc1/downloads/avr8-gnu-toolchain-3.7.0.1796-win32.any.x86_64/avr8-gnu-toolchain-win32_x86_64/bin/../lib/gcc/avr/7.3.0/avr5\libgcc.a(_exit.o)
 .text.libgcc.mul
                0x0000000000000000        0x0 c:/users/pc1/downloads/avr8-gnu-toolchain-3.7.0.1796-win32.any.x86_64/avr8-gnu-toolchain-win32_x86_64/bin/../lib/gcc/avr/7.3.0/avr5\libgcc.a(_exit.o)
 .text.libgcc.div
                0x0000000000000000        0x0 c:/users/pc1/downloads/avr8-gnu-toolchain-3.7.0.1796-win32.any.x86_64/avr8-gnu-toolchain-win32_x86_64/bin/../lib/gcc/avr/7.3.0/avr5\libgcc.a(_exit.o)
 .text.libgcc   0x0000000000000000        0x0 c:/users/pc1/downloads/avr8-gnu-toolchain-3.7.0.1796-win32.any.x86_64/avr8-gnu-toolchain-win32_x86_64/bin/../lib/gcc/avr/7.3.0/avr5\libgcc.a(_exit.o)
 .text.libgcc.prologue
                0x0000000000000000        0x0 c:/users/pc1/downloads/avr8-gnu-toolchain-3.7.0.1796-win32.any.x86_64/avr8-gnu-toolchain-win32_x86_64/bin/../lib/gcc/avr/7.3.0/avr5\libgcc.a(_exit.o)
 .text.libgcc.builtins
                0x0000000000000000        0x0 c:/users/pc1/downloads/avr8-gnu-toolchain-3.7.0.1796-win32.any.x86_64/avr8-gnu-toolchain-win32_x86_64/bin/../lib/gcc/avr/7.3.0/avr5\libgcc.a(_exit.o)
 .text.libgcc.fmul
                0x0000000000000000        0x0 c:/users/pc1/downloads/avr8-gnu-toolchain-3.7.0.1796-win32.any.x86_64/avr8-gnu-toolchain-win32_x86_64/bin/../lib/gcc/avr/7.3.0/avr5\libgcc.a(_exit.o)
 .text.libgcc.fixed
                0x0000000000000000        0x0 c:/users/pc1/downloads/avr8-gnu-toolchain-3.7.0.1796-win32.any.x86_64/avr8-gnu-toolchain-win32_x86_64/bin/../lib/gcc/avr/7.3.0/avr5\libgcc.a(_exit.o)
 .text          0x0000000000000000        0x0 c:/users/pc1/downloads/avr8-gnu-toolchain-3.7.0.1796-win32.any.x86_64/avr8-gnu-toolchain-win32_x86_64/bin/../lib/gcc/avr/7.3.0/avr5\libgcc.a(_copy_data.o)
 .data          0x0000000000000000        0x0 c:/users/pc1/downloads/avr8-gnu-toolchain-3.7.0.1796-win32.any.x86_64/avr8-gnu-toolchain-win32_x86_64/bin/../lib/gcc/avr/7.3.0/avr5\libgcc.a(_copy_data.o)
 .bss           0x0000000000000000        0x0 c:/users/pc1/downloads/avr8-gnu-toolchain-3.7.0.1796-win32.any.x86_64/avr8-gnu-toolchain-win32_x86_64/bin/../lib/gcc/avr/7.3.0/avr5\libgcc.a(_copy_data.o)
 .text.libgcc.mul
                0x0000000000000000        0x0 c:/users/pc1/downloads/avr8-gnu-toolchain-3.7.0.1796-win32.any.x86_64/avr8-gnu-toolchain-win32_x86_64/bin/../lib/gcc/avr/7.3.0/avr5\libgcc.a(_copy_data.o)
 .text.libgcc.div
                0x0000000000000000        0x0 c:/users/pc1/downloads/avr8-gnu-toolchain-3.7.0.1796-win32.any.x86_64/avr8-gnu-toolchain-win32_x86_64/bin/../lib/gcc/avr/7.3.0/avr5\libgcc.a(_copy_data.o)
 .text.libgcc   0x0000000000000000        0x0 c:/users/pc1/downloads/avr8-gnu-toolchain-3.7.0.1796-win32.any.x86_64/avr8-gnu-toolchain-win32_x86_64/bin/../lib/gcc/avr/7.3.0/avr5\libgcc.a(_copy_data.o)
 .text.libgcc.prologue
                0x0000000000000000        0x0 c:/users/pc1/downloads/avr8-gnu-toolchain-3.7.0.1796-win32.any.x86_64/avr8-gnu-toolchain-win32_x86_64/bin/../lib/gcc/avr/7.3.0/avr5\libgcc.a(_copy_data.o)
 .text.libgcc.builtins
                0x0000000000000000        0x0 c:/users/pc1/downloads/avr8-gnu-toolchain-3.7.0.1796-win32.any.x86_64/avr8-gnu-toolchain-win32_x86_64/bin/../lib/gcc/avr/7.3.0/avr5\libgcc.a(_copy_data.o)
 .text.libgcc.fmul
                0x0000000000000000        0x0 c:/users/pc1/downloads/avr8-gnu-toolchain-3.7.0.1796-win32.any.x86_64/avr8-gnu-toolchain-win32_x86_64/bin/../lib/gcc/avr/7.3.0/avr5\libgcc.a(_copy_data.o)
 .text.libgcc.fixed
                0x0000000000000000        0x0 c:/users/pc1/downloads/avr8-gnu-toolchain-3.7.0.1796-win32.any.x86_64/avr8-gnu-toolchain-win32_x86_64/bin/../lib/gcc/avr/7.3.0/avr5\libgcc.a(_copy_data.o)

Memory Configuration

Name             Origin             Length             Attributes
text             0x0000000000000000 0x0000000000008000 xr
data             0x0000000000800100 0x0000000000000800 rw !x
eeprom           0x0000000000810000 0x0000000000000400 rw !x
fuse             0x0000000000820000 0x0000000000000003 rw !x
lock             0x0000000000830000 0x0000000000000400 rw !x
signature        0x0000000000840000 0x0000000000000400 rw !x
user_signatures  0x0000000000850000 0x0000000000000400 rw !x
*default*        0x0000000000000000 0xffffffffffffffff

Linker script and memory map

Address of section .data set to 0x800100
LOAD C:/Program Files/Microchip/MPLABX/v5.45/packs/Microchip/ATmega_DFP/2.2.108/gcc/dev/atmega328pb/avr5/crtatmega328pb.o
LOAD build/default/production/mainLab2.o
LOAD build/default/production/lcd_2x16.o
                0x0000000000000001                __MPLAB_BUILD = 0x1
START GROUP
LOAD c:/users/pc1/downloads/avr8-gnu-toolchain-3.7.0.1796-win32.any.x86_64/avr8-gnu-toolchain-win32_x86_64/bin/../lib/gcc/avr/7.3.0/../../../../avr/lib/avr5\libm.a
END GROUP
START GROUP
LOAD c:/users/pc1/downloads/avr8-gnu-toolchain-3.7.0.1796-win32.any.x86_64/avr8-gnu-toolchain-win32_x86_64/bin/../lib/gcc/avr/7.3.0/avr5\libgcc.a
LOAD c:/users/pc1/downloads/avr8-gnu-toolchain-3.7.0.1796-win32.any.x86_64/avr8-gnu-toolchain-win32_x86_64/bin/../lib/gcc/avr/7.3.0/../../../../avr/lib/avr5\libm.a
LOAD c:/users/pc1/downloads/avr8-gnu-toolchain-3.7.0.1796-win32.any.x86_64/avr8-gnu-toolchain-win32_x86_64/bin/../lib/gcc/avr/7.3.0/../../../../avr/lib/avr5\libc.a
LOAD C:/Program Files/Microchip/MPLABX/v5.45/packs/Microchip/ATmega_DFP/2.2.108/gcc/dev/atmega328pb/avr5\libatmega328pb.a
END GROUP
                [0x0000000000000000]                __TEXT_REGION_ORIGIN__ = DEFINED (__TEXT_REGION_ORIGIN__)?__TEXT_REGION_ORIGIN__:0x0
                [0x0000000000800100]                __DATA_REGION_ORIGIN__ = DEFINED (__DATA_REGION_ORIGIN__)?__DATA_REGION_ORIGIN__:0x800060
                [0x0000000000008000]                __TEXT_REGION_LENGTH__ = DEFINED (__TEXT_REGION_LENGTH__)?__TEXT_REGION_LENGTH__:0x20000
                [0x0000000000000800]                __DATA_REGION_LENGTH__ = DEFINED (__DATA_REGION_LENGTH__)?__DATA_REGION_LENGTH__:0xffa0
                [0x0000000000000400]                __EEPROM_REGION_LENGTH__ = DEFINED (__EEPROM_REGION_LENGTH__)?__EEPROM_REGION_LENGTH__:0x10000
                [0x0000000000000003]                __FUSE_REGION_LENGTH__ = DEFINED (__FUSE_REGION_LENGTH__)?__FUSE_REGION_LENGTH__:0x400
                0x0000000000000400                __LOCK_REGION_LENGTH__ = DEFINED (__LOCK_REGION_LENGTH__)?__LOCK_REGION_LENGTH__:0x400
                0x0000000000000400                __SIGNATURE_REGION_LENGTH__ = DEFINED (__SIGNATURE_REGION_LENGTH__)?__SIGNATURE_REGION_LENGTH__:0x400
                0x0000000000000400                __USER_SIGNATURE_REGION_LENGTH__ = DEFINED (__USER_SIGNATURE_REGION_LENGTH__)?__USER_SIGNATURE_REGION_LENGTH__:0x400

.hash
 *(.hash)

.dynsym
 *(.dynsym)

.dynstr
 *(.dynstr)

.gnu.version
 *(.gnu.version)

.gnu.version_d
 *(.gnu.version_d)

.gnu.version_r
 *(.gnu.version_r)

.rel.init
 *(.rel.init)

.rela.init
 *(.rela.init)

.rel.text
 *(.rel.text)
 *(.rel.text.*)
 *(.rel.gnu.linkonce.t*)

.rela.text
 *(.rela.text)
 *(.rela.text.*)
 *(.rela.gnu.linkonce.t*)

.rel.fini
 *(.rel.fini)

.rela.fini
 *(.rela.fini)

.rel.rodata
 *(.rel.rodata)
 *(.rel.rodata.*)
 *(.rel.gnu.linkonce.r*)

.rela.rodata
 *(.rela.rodata)
 *(.rela.rodata.*)
 *(.rela.gnu.linkonce.r*)

.rel.data
 *(.rel.data)
 *(.rel.data.*)
 *(.rel.gnu.linkonce.d*)

.rela.data
 *(.rela.data)
 *(.rela.data.*)
 *(.rela.gnu.linkonce.d*)

.rel.ctors
 *(.rel.ctors)

.rela.ctors
 *(.rela.ctors)

.rel.dtors
 *(.rel.dtors)

.rela.dtors
 *(.rela.dtors)

.rel.got
 *(.rel.got)

.rela.got
 *(.rela.got)

.rel.bss
 *(.rel.bss)

.rela.bss
 *(.rela.bss)

.rel.plt
 *(.rel.plt)

.rela.plt
 *(.rela.plt)

.text           0x0000000000000000      0x268
 *(.vectors)
 .vectors       0x0000000000000000       0xb4 C:/Program Files/Microchip/MPLABX/v5.45/packs/Microchip/ATmega_DFP/2.2.108/gcc/dev/atmega328pb/avr5/crtatmega328pb.o
                0x0000000000000000                __vector_default
                0x0000000000000000                __vectors
 *(.vectors)
 *(.progmem.gcc*)
                0x00000000000000b4                . = ALIGN (0x2)
                0x00000000000000b4                __trampolines_start = .
 *(.trampolines)
 .trampolines   0x00000000000000b4        0x0 linker stubs
 *(.trampolines*)
                0x00000000000000b4                __trampolines_end = .
 *libprintf_flt.a:*(.progmem.data)
 *libc.a:*(.progmem.data)
 *(.progmem*)
                0x00000000000000b4                . = ALIGN (0x2)
 *(.jumptables)
 *(.jumptables*)
 *(.lowtext)
 *(.lowtext*)
                0x00000000000000b4                __ctors_start = .
 *(.ctors)
                0x00000000000000b4                __ctors_end = .
                0x00000000000000b4                __dtors_start = .
 *(.dtors)
                0x00000000000000b4                __dtors_end = .
 SORT(*)(.ctors)
 SORT(*)(.dtors)
 *(.init0)
 .init0         0x00000000000000b4        0x0 C:/Program Files/Microchip/MPLABX/v5.45/packs/Microchip/ATmega_DFP/2.2.108/gcc/dev/atmega328pb/avr5/crtatmega328pb.o
                0x00000000000000b4                __init
 *(.init0)
 *(.init1)
 *(.init1)
 *(.init2)
 .init2         0x00000000000000b4        0xc C:/Program Files/Microchip/MPLABX/v5.45/packs/Microchip/ATmega_DFP/2.2.108/gcc/dev/atmega328pb/avr5/crtatmega328pb.o
 *(.init2)
 *(.init3)
 *(.init3)
 *(.init4)
 .init4         0x00000000000000c0       0x16 c:/users/pc1/downloads/avr8-gnu-toolchain-3.7.0.1796-win32.any.x86_64/avr8-gnu-toolchain-win32_x86_64/bin/../lib/gcc/avr/7.3.0/avr5\libgcc.a(_copy_data.o)
                0x00000000000000c0                __do_copy_data
 *(.init4)
 *(.init5)
 *(.init5)
 *(.init6)
 *(.init6)
 *(.init7)
 *(.init7)
 *(.init8)
 *(.init8)
 *(.init9)
 .init9         0x00000000000000d6        0x8 C:/Program Files/Microchip/MPLABX/v5.45/packs/Microchip/ATmega_DFP/2.2.108/gcc/dev/atmega328pb/avr5/crtatmega328pb.o
 *(.init9)
 *(.text)
 .text          0x00000000000000de        0x4 C:/Program Files/Microchip/MPLABX/v5.45/packs/Microchip/ATmega_DFP/2.2.108/gcc/dev/atmega328pb/avr5/crtatmega328pb.o
                0x00000000000000de                __vector_38
                0x00000000000000de                __vector_22
                0x00000000000000de                __vector_28
                0x00000000000000de                __vector_1
                0x00000000000000de                __vector_32
                0x00000000000000de                __vector_34
                0x00000000000000de                __vector_24
                0x00000000000000de                __vector_12
                0x00000000000000de                __bad_interrupt
                0x00000000000000de                __vector_6
                0x00000000000000de                __vector_31
                0x00000000000000de                __vector_35
                0x00000000000000de                __vector_39
                0x00000000000000de                __vector_3
                0x00000000000000de                __vector_23
                0x00000000000000de                __vector_30
                0x00000000000000de                __vector_25
                0x00000000000000de                __vector_11
                0x00000000000000de                __vector_13
                0x00000000000000de                __vector_17
                0x00000000000000de                __vector_19
                0x00000000000000de                __vector_7
                0x00000000000000de                __vector_41
                0x00000000000000de                __vector_43
                0x00000000000000de                __vector_27
                0x00000000000000de                __vector_5
                0x00000000000000de                __vector_33
                0x00000000000000de                __vector_37
                0x00000000000000de                __vector_4
                0x00000000000000de                __vector_44
                0x00000000000000de                __vector_9
                0x00000000000000de                __vector_2
                0x00000000000000de                __vector_21
                0x00000000000000de                __vector_15
                0x00000000000000de                __vector_36
                0x00000000000000de                __vector_29
                0x00000000000000de                __vector_40
                0x00000000000000de                __vector_8
                0x00000000000000de                __vector_26
                0x00000000000000de                __vector_14
                0x00000000000000de                __vector_10
                0x00000000000000de                __vector_16
                0x00000000000000de                __vector_18
                0x00000000000000de                __vector_20
                0x00000000000000de                __vector_42
                0x00000000000000e2                . = ALIGN (0x2)
 *(.text.*)
 .text.main     0x00000000000000e2       0x2a build/default/production/mainLab2.o
                0x00000000000000e2                main
 .text.Lcd_Port
                0x000000000000010c       0x2a build/default/production/lcd_2x16.o
                0x000000000000010c                Lcd_Port
 .text.Lcd_Cmd  0x0000000000000136       0x18 build/default/production/lcd_2x16.o
                0x0000000000000136                Lcd_Cmd
 .text.Lcd_Init
                0x000000000000014e       0x7a build/default/production/lcd_2x16.o
                0x000000000000014e                Lcd_Init
 .text.Lcd_Clear
                0x00000000000001c8        0xe build/default/production/lcd_2x16.o
                0x00000000000001c8                Lcd_Clear
 .text.Lcd_Set_Cursor
                0x00000000000001d6       0x3e build/default/production/lcd_2x16.o
                0x00000000000001d6                Lcd_Set_Cursor
 .text.Lcd_Write_Char
                0x0000000000000214       0x32 build/default/production/lcd_2x16.o
                0x0000000000000214                Lcd_Write_Char
 .text.Lcd_Write_String
                0x0000000000000246       0x1e build/default/production/lcd_2x16.o
                0x0000000000000246                Lcd_Write_String
                0x0000000000000264                . = ALIGN (0x2)
 *(.fini9)
 .fini9         0x0000000000000264        0x0 c:/users/pc1/downloads/avr8-gnu-toolchain-3.7.0.1796-win32.any.x86_64/avr8-gnu-toolchain-win32_x86_64/bin/../lib/gcc/avr/7.3.0/avr5\libgcc.a(_exit.o)
                0x0000000000000264                _exit
                0x0000000000000264                exit
 *(.fini9)
 *(.fini8)
 *(.fini8)
 *(.fini7)
 *(.fini7)
 *(.fini6)
 *(.fini6)
 *(.fini5)
 *(.fini5)
 *(.fini4)
 *(.fini4)
 *(.fini3)
 *(.fini3)
 *(.fini2)
 *(.fini2)
 *(.fini1)
 *(.fini1)
 *(.fini0)
 .fini0         0x0000000000000264        0x4 c:/users/pc1/downloads/avr8-gnu-toolchain-3.7.0.1796-win32.any.x86_64/avr8-gnu-toolchain-win32_x86_64/bin/../lib/gcc/avr/7.3.0/avr5\libgcc.a(_exit.o)
 *(.fini0)
                0x0000000000000268                _etext = .

.data           0x0000000000800100       0x1e load address 0x0000000000000268
                0x0000000000800100                PROVIDE (__data_start, .)
 *(.data)
 *(.data*)
 *(.gnu.linkonce.d*)
 *(.rodata)
 *(.rodata*)
 .rodata.main.str1.1
                0x0000000000800100       0x1d build/default/production/mainLab2.o
 *(.gnu.linkonce.r*)
                0x000000000080011e                . = ALIGN (0x2)
 *fill*         0x000000000080011d        0x1 
                0x000000000080011e                _edata = .
                0x000000000080011e                PROVIDE (__data_end, .)

.bss            0x000000000080011e        0x0
                [!provide]                        PROVIDE (__bss_start, .)
 *(.bss)
 *(.bss*)
 *(COMMON)
                [!provide]                        PROVIDE (__bss_end, .)
                0x0000000000000268                __data_load_start = LOADADDR (.data)
                0x0000000000000286                __data_load_end = (__data_load_start + SIZEOF (.data))

.noinit         0x000000000080011e        0x0
                [!provide]                        PROVIDE (__noinit_start, .)
 *(.noinit*)
                [!provide]                        PROVIDE (__noinit_end, .)
                0x000000000080011e                _end = .
                [!provide]                        PROVIDE (__heap_start, .)

.eeprom         0x0000000000810000        0x0
 *(.eeprom*)
                0x0000000000810000                __eeprom_end = .

.fuse
 *(.fuse)
 *(.lfuse)
 *(.hfuse)
 *(.efuse)

.lock
 *(.lock*)

.signature
 *(.signature*)

.user_signatures
 *(.user_signatures*)

.stab
 *(.stab)

.stabstr
 *(.stabstr)

.stab.excl
 *(.stab.excl)

.stab.exclstr
 *(.stab.exclstr)

.stab.index
 *(.stab.index)

.stab.indexstr
 *(.stab.indexstr)

.comment        0x0000000000000000       0x30
 *(.comment)
 .comment       0x0000000000000000       0x30 build/default/production/mainLab2.o
                                         0x31 (size before relaxing)
 .comment       0x0000000000000030       0x31 build/default/production/lcd_2x16.o

.note.gnu.avr.deviceinfo
                0x0000000000000000       0x40
 .note.gnu.avr.deviceinfo
                0x0000000000000000       0x40 C:/Program Files/Microchip/MPLABX/v5.45/packs/Microchip/ATmega_DFP/2.2.108/gcc/dev/atmega328pb/avr5/crtatmega328pb.o

.note.gnu.build-id
 *(.note.gnu.build-id)

.debug
 *(.debug)

.line
 *(.line)

.debug_srcinfo
 *(.debug_srcinfo)

.debug_sfnames
 *(.debug_sfnames)

.debug_aranges
 *(.debug_aranges)

.debug_pubnames
 *(.debug_pubnames)

.debug_info     0x0000000000000000      0x8ea
 *(.debug_info .gnu.linkonce.wi.*)
 .debug_info    0x0000000000000000      0x8ea C:/Program Files/Microchip/MPLABX/v5.45/packs/Microchip/ATmega_DFP/2.2.108/gcc/dev/atmega328pb/avr5/crtatmega328pb.o

.debug_abbrev   0x0000000000000000      0x86e
 *(.debug_abbrev)
 .debug_abbrev  0x0000000000000000      0x86e C:/Program Files/Microchip/MPLABX/v5.45/packs/Microchip/ATmega_DFP/2.2.108/gcc/dev/atmega328pb/avr5/crtatmega328pb.o

.debug_line     0x0000000000000000      0x1a6
 *(.debug_line .debug_line.* .debug_line_end)
 .debug_line    0x0000000000000000      0x1a6 C:/Program Files/Microchip/MPLABX/v5.45/packs/Microchip/ATmega_DFP/2.2.108/gcc/dev/atmega328pb/avr5/crtatmega328pb.o

.debug_frame
 *(.debug_frame)

.debug_str      0x0000000000000000      0x318
 *(.debug_str)
 .debug_str     0x0000000000000000      0x318 C:/Program Files/Microchip/MPLABX/v5.45/packs/Microchip/ATmega_DFP/2.2.108/gcc/dev/atmega328pb/avr5/crtatmega328pb.o

.debug_loc
 *(.debug_loc)

.debug_macinfo
 *(.debug_macinfo)

.debug_weaknames
 *(.debug_weaknames)

.debug_funcnames
 *(.debug_funcnames)

.debug_typenames
 *(.debug_typenames)

.debug_varnames
 *(.debug_varnames)

.debug_pubtypes
 *(.debug_pubtypes)

.debug_ranges
 *(.debug_ranges)

.debug_macro
 *(.debug_macro)
OUTPUT(dist/default/production/2.0Lab2.X.production.elf elf32-avr)
LOAD linker stubs
